Archive member included to satisfy reference by file (symbol)

c:/program files (x86)/gnu tools arm embedded/7 2017-q4-major/bin/../lib/gcc/arm-none-eabi/7.2.1/../../../../arm-none-eabi/lib/thumb/v7e-m/fpv4-sp/hard\libc_nano.a(lib_a-exit.o)
                              c:/program files (x86)/gnu tools arm embedded/7 2017-q4-major/bin/../lib/gcc/arm-none-eabi/7.2.1/../../../../arm-none-eabi/lib/thumb/v7e-m/fpv4-sp/hard/crt0.o (exit)
c:/program files (x86)/gnu tools arm embedded/7 2017-q4-major/bin/../lib/gcc/arm-none-eabi/7.2.1/../../../../arm-none-eabi/lib/thumb/v7e-m/fpv4-sp/hard\libc_nano.a(lib_a-impure.o)
                              c:/program files (x86)/gnu tools arm embedded/7 2017-q4-major/bin/../lib/gcc/arm-none-eabi/7.2.1/../../../../arm-none-eabi/lib/thumb/v7e-m/fpv4-sp/hard\libc_nano.a(lib_a-exit.o) (_global_impure_ptr)
c:/program files (x86)/gnu tools arm embedded/7 2017-q4-major/bin/../lib/gcc/arm-none-eabi/7.2.1/../../../../arm-none-eabi/lib/thumb/v7e-m/fpv4-sp/hard\libc_nano.a(lib_a-init.o)
                              c:/program files (x86)/gnu tools arm embedded/7 2017-q4-major/bin/../lib/gcc/arm-none-eabi/7.2.1/../../../../arm-none-eabi/lib/thumb/v7e-m/fpv4-sp/hard/crt0.o (__libc_init_array)
c:/program files (x86)/gnu tools arm embedded/7 2017-q4-major/bin/../lib/gcc/arm-none-eabi/7.2.1/../../../../arm-none-eabi/lib/thumb/v7e-m/fpv4-sp/hard\libc_nano.a(lib_a-locale.o)
                              _build/nrf52832_xxaa/nrf_log_str_formatter.c.o (__locale_ctype_ptr)
c:/program files (x86)/gnu tools arm embedded/7 2017-q4-major/bin/../lib/gcc/arm-none-eabi/7.2.1/../../../../arm-none-eabi/lib/thumb/v7e-m/fpv4-sp/hard\libc_nano.a(lib_a-mbtowc_r.o)
                              c:/program files (x86)/gnu tools arm embedded/7 2017-q4-major/bin/../lib/gcc/arm-none-eabi/7.2.1/../../../../arm-none-eabi/lib/thumb/v7e-m/fpv4-sp/hard\libc_nano.a(lib_a-locale.o) (__ascii_mbtowc)
c:/program files (x86)/gnu tools arm embedded/7 2017-q4-major/bin/../lib/gcc/arm-none-eabi/7.2.1/../../../../arm-none-eabi/lib/thumb/v7e-m/fpv4-sp/hard\libc_nano.a(lib_a-memcpy-stub.o)
                              _build/nrf52832_xxaa/nrf_log_frontend.c.o (memcpy)
c:/program files (x86)/gnu tools arm embedded/7 2017-q4-major/bin/../lib/gcc/arm-none-eabi/7.2.1/../../../../arm-none-eabi/lib/thumb/v7e-m/fpv4-sp/hard\libc_nano.a(lib_a-memset.o)
                              c:/program files (x86)/gnu tools arm embedded/7 2017-q4-major/bin/../lib/gcc/arm-none-eabi/7.2.1/../../../../arm-none-eabi/lib/thumb/v7e-m/fpv4-sp/hard/crt0.o (memset)
c:/program files (x86)/gnu tools arm embedded/7 2017-q4-major/bin/../lib/gcc/arm-none-eabi/7.2.1/../../../../arm-none-eabi/lib/thumb/v7e-m/fpv4-sp/hard\libc_nano.a(lib_a-strcmp.o)
                              c:/program files (x86)/gnu tools arm embedded/7 2017-q4-major/bin/../lib/gcc/arm-none-eabi/7.2.1/../../../../arm-none-eabi/lib/thumb/v7e-m/fpv4-sp/hard\libc_nano.a(lib_a-locale.o) (strcmp)
c:/program files (x86)/gnu tools arm embedded/7 2017-q4-major/bin/../lib/gcc/arm-none-eabi/7.2.1/../../../../arm-none-eabi/lib/thumb/v7e-m/fpv4-sp/hard\libc_nano.a(lib_a-strcpy.o)
                              _build/nrf52832_xxaa/SEGGER_RTT.c.o (strcpy)
c:/program files (x86)/gnu tools arm embedded/7 2017-q4-major/bin/../lib/gcc/arm-none-eabi/7.2.1/../../../../arm-none-eabi/lib/thumb/v7e-m/fpv4-sp/hard\libc_nano.a(lib_a-strlen.o)
                              _build/nrf52832_xxaa/nrf_log_frontend.c.o (strlen)
c:/program files (x86)/gnu tools arm embedded/7 2017-q4-major/bin/../lib/gcc/arm-none-eabi/7.2.1/../../../../arm-none-eabi/lib/thumb/v7e-m/fpv4-sp/hard\libc_nano.a(lib_a-wctomb_r.o)
                              c:/program files (x86)/gnu tools arm embedded/7 2017-q4-major/bin/../lib/gcc/arm-none-eabi/7.2.1/../../../../arm-none-eabi/lib/thumb/v7e-m/fpv4-sp/hard\libc_nano.a(lib_a-locale.o) (__ascii_wctomb)
c:/program files (x86)/gnu tools arm embedded/7 2017-q4-major/bin/../lib/gcc/arm-none-eabi/7.2.1/../../../../arm-none-eabi/lib/thumb/v7e-m/fpv4-sp/hard\libc_nano.a(lib_a-ctype_.o)
                              c:/program files (x86)/gnu tools arm embedded/7 2017-q4-major/bin/../lib/gcc/arm-none-eabi/7.2.1/../../../../arm-none-eabi/lib/thumb/v7e-m/fpv4-sp/hard\libc_nano.a(lib_a-locale.o) (_ctype_)
c:/program files (x86)/gnu tools arm embedded/7 2017-q4-major/bin/../lib/gcc/arm-none-eabi/7.2.1/../../../../arm-none-eabi/lib/thumb/v7e-m/fpv4-sp/hard\libnosys.a(_exit.o)
                              c:/program files (x86)/gnu tools arm embedded/7 2017-q4-major/bin/../lib/gcc/arm-none-eabi/7.2.1/../../../../arm-none-eabi/lib/thumb/v7e-m/fpv4-sp/hard\libc_nano.a(lib_a-exit.o) (_exit)
c:/program files (x86)/gnu tools arm embedded/7 2017-q4-major/bin/../lib/gcc/arm-none-eabi/7.2.1/thumb/v7e-m/fpv4-sp/hard\libgcc.a(_aeabi_ldivmod.o)
                              _build/nrf52832_xxaa/bsp.c.o (__aeabi_ldivmod)
[...]
Memory Configuration

Name             Origin             Length             Attributes
FLASH            0x00023000         0x0005d000         xr
RAM              0x20002180         0x0000de80         xrw
*default*        0x00000000         0xffffffff

Linker script and memory map


.text           0x00023000     0x8bd4
 *(.isr_vector)
 .isr_vector    0x00023000      0x200 _build/nrf52832_xxaa/gcc_startup_nrf52.S.o
                0x00023000                __isr_vector
 *(.text*)
 .text          0x00023200       0x40 c:/program files (x86)/gnu tools arm embedded/7 2017-q4-major/bin/../lib/gcc/arm-none-eabi/7.2.1/thumb/v7e-m/fpv4-sp/hard/crtbegin.o
 .text          0x00023240       0x74 c:/program files (x86)/gnu tools arm embedded/7 2017-q4-major/bin/../lib/gcc/arm-none-eabi/7.2.1/../../../../arm-none-eabi/lib/thumb/v7e-m/fpv4-sp/hard/crt0.o
                0x00023240                _start
                0x00023240                _mainCRTStartup
 .text.nrf_log_backend_serial_put
                0x000232b4       0xe4 _build/nrf52832_xxaa/nrf_log_backend_serial.c.o
                0x000232b4                nrf_log_backend_serial_put
 .text.uart_evt_handler
                0x00023398        0xc _build/nrf52832_xxaa/nrf_log_backend_uart.c.o
 .text.nrf_log_backend_uart_flush
                0x000233a4        0x4 _build/nrf52832_xxaa/nrf_log_backend_uart.c.o
 .text.nrf_log_backend_uart_panic_set
                0x000233a8       0x48 _build/nrf52832_xxaa/nrf_log_backend_uart.c.o
 .text.nrf_log_backend_uart_put
                0x000233f0       0x20 _build/nrf52832_xxaa/nrf_log_backend_uart.c.o
 .text.serial_tx
                0x00023410       0x34 _build/nrf52832_xxaa/nrf_log_backend_uart.c.o
 .text.nrf_log_backend_uart_init
                0x00023444       0x48 _build/nrf52832_xxaa/nrf_log_backend_uart.c.o
                0x00023444                nrf_log_backend_uart_init
 .text.nrf_log_default_backends_init
                0x0002348c       0x1c _build/nrf52832_xxaa/nrf_log_default_backends.c.o
                0x0002348c                nrf_log_default_backends_init
 .text.nrf_log_frontend_dequeue.part.5
                0x000234a8      0x21c _build/nrf52832_xxaa/nrf_log_frontend.c.o
 .text.nrf_log_init
                0x000236c4       0x50 _build/nrf52832_xxaa/nrf_log_frontend.c.o
                0x000236c4                nrf_log_init
 .text.nrf_log_module_name_get
                0x00023714       0x5c _build/nrf52832_xxaa/nrf_log_frontend.c.o
                0x00023714                nrf_log_module_name_get
 .text.nrf_log_color_id_get
                0x00023770       0x2c _build/nrf52832_xxaa/nrf_log_frontend.c.o
                0x00023770                nrf_log_color_id_get
 .text.nrf_log_frontend_std_0
                0x0002379c      0x194 _build/nrf52832_xxaa/nrf_log_frontend.c.o
                0x0002379c                nrf_log_frontend_std_0
 .text.nrf_log_frontend_std_1
                0x00023930      0x1a4 _build/nrf52832_xxaa/nrf_log_frontend.c.o
                0x00023930                nrf_log_frontend_std_1
 .text.nrf_log_frontend_std_2
                0x00023ad4      0x1b8 _build/nrf52832_xxaa/nrf_log_frontend.c.o
                0x00023ad4                nrf_log_frontend_std_2
 .text.nrf_log_frontend_dequeue
                0x00023c8c       0x18 _build/nrf52832_xxaa/nrf_log_frontend.c.o
                0x00023c8c                nrf_log_frontend_dequeue
 .text.nrf_log_backend_add
                0x00023ca4       0x5c _build/nrf52832_xxaa/nrf_log_frontend.c.o
                0x00023ca4                nrf_log_backend_add
 .text.nrf_log_panic
                0x00023d00       0x28 _build/nrf52832_xxaa/nrf_log_frontend.c.o
                0x00023d00                nrf_log_panic
 .text.nrf_log_std_entry_process
                0x00023d28      0x130 _build/nrf52832_xxaa/nrf_log_str_formatter.c.o
                0x00023d28                nrf_log_std_entry_process
 .text.nrf_log_hexdump_entry_process
                0x00023e58      0x13c _build/nrf52832_xxaa/nrf_log_str_formatter.c.o
                0x00023e58                nrf_log_hexdump_entry_process
 .text.bsp_board_led_on
                0x00023f94       0x18 _build/nrf52832_xxaa/boards.c.o
                0x00023f94                bsp_board_led_on
 .text.bsp_board_led_off
                0x00023fac       0x18 _build/nrf52832_xxaa/boards.c.o
                0x00023fac                bsp_board_led_off
 .text.bsp_board_leds_init
                0x00023fc4       0x3c _build/nrf52832_xxaa/boards.c.o
                0x00023fc4                bsp_board_leds_init
 .text.app_button_enable
                0x00024000       0x2c _build/nrf52832_xxaa/app_button.c.o
                0x00024000                app_button_enable
 .text.app_button_disable
                0x0002402c       0x34 _build/nrf52832_xxaa/app_button.c.o
                0x0002402c                app_button_disable
 .text.app_error_handler_bare
                0x00024060       0x20 _build/nrf52832_xxaa/app_error.c.o
                0x00024060                app_error_handler_bare
 .text.app_error_fault_handler
                0x00024080       0x68 _build/nrf52832_xxaa/app_error_weak.c.o
                0x00024080                app_error_fault_handler
 .text.app_sched_init
                0x000240e8       0x50 _build/nrf52832_xxaa/app_scheduler.c.o
                0x000240e8                app_sched_init
 .text.app_sched_event_put
                0x00024138       0xd4 _build/nrf52832_xxaa/app_scheduler.c.o
                0x00024138                app_sched_event_put
 .text.app_sched_execute
                0x0002420c       0x8c _build/nrf52832_xxaa/app_scheduler.c.o
                0x0002420c                app_sched_execute
 .text.RTC1_IRQHandler
                0x00024298       0xa0 _build/nrf52832_xxaa/app_timer.c.o
                0x00024298                RTC1_IRQHandler
 .text.SWI0_EGU0_IRQHandler
                0x00024338      0x670 _build/nrf52832_xxaa/app_timer.c.o
                0x00024338                SWI0_EGU0_IRQHandler
 .text.app_timer_init
                0x000249a8      0x180 _build/nrf52832_xxaa/app_timer.c.o
                0x000249a8                app_timer_init
 .text.app_timer_create
                0x00024b28       0x24 _build/nrf52832_xxaa/app_timer.c.o
                0x00024b28                app_timer_create
 .text.app_timer_start
                0x00024b4c       0xac _build/nrf52832_xxaa/app_timer.c.o
                0x00024b4c                app_timer_start
 .text.app_timer_stop
                0x00024bf8       0x74 _build/nrf52832_xxaa/app_timer.c.o
                0x00024bf8                app_timer_stop
 .text.app_util_critical_region_enter
                0x00024c6c       0x4c _build/nrf52832_xxaa/app_util_platform.c.o
                0x00024c6c                app_util_critical_region_enter
 .text.app_util_critical_region_exit
                0x00024cb8       0x30 _build/nrf52832_xxaa/app_util_platform.c.o
                0x00024cb8                app_util_critical_region_exit
 .text.nrf_balloc_init
                0x00024ce8       0x38 _build/nrf52832_xxaa/nrf_balloc.c.o
                0x00024ce8                nrf_balloc_init
 .text.nrf_balloc_alloc
                0x00024d20       0x50 _build/nrf52832_xxaa/nrf_balloc.c.o
                0x00024d20                nrf_balloc_alloc
 .text.nrf_balloc_free
                0x00024d70       0x38 _build/nrf52832_xxaa/nrf_balloc.c.o
                0x00024d70                nrf_balloc_free
 .text.nrf_fprintf_buffer_flush
                0x00024da8       0x18 _build/nrf52832_xxaa/nrf_fprintf.c.o
                0x00024da8                nrf_fprintf_buffer_flush
 .text.nrf_fprintf
                0x00024dc0       0x20 _build/nrf52832_xxaa/nrf_fprintf.c.o
                0x00024dc0                nrf_fprintf
 .text.unsigned_print
                0x00024de0      0x10c _build/nrf52832_xxaa/nrf_fprintf_format.c.o
 .text.nrf_fprintf_fmt
                0x00024eec      0x5c4 _build/nrf52832_xxaa/nrf_fprintf_format.c.o
                0x00024eec                nrf_fprintf_fmt
 .text.nrf_memobj_pool_init
                0x000254b0        0x4 _build/nrf52832_xxaa/nrf_memobj.c.o
                0x000254b0                nrf_memobj_pool_init
 .text.nrf_memobj_alloc
                0x000254b4       0x84 _build/nrf52832_xxaa/nrf_memobj.c.o
                0x000254b4                nrf_memobj_alloc
 .text.nrf_memobj_get
                0x00025538       0x20 _build/nrf52832_xxaa/nrf_memobj.c.o
                0x00025538                nrf_memobj_get
 .text.nrf_memobj_put
                0x00025558       0x50 _build/nrf52832_xxaa/nrf_memobj.c.o
                0x00025558                nrf_memobj_put
 .text.nrf_memobj_write
                0x000255a8       0x5c _build/nrf52832_xxaa/nrf_memobj.c.o
                0x000255a8                nrf_memobj_write
 .text.nrf_memobj_read
                0x00025604       0x5c _build/nrf52832_xxaa/nrf_memobj.c.o
                0x00025604                nrf_memobj_read
 .text.nrf_strerror_get
                0x00025660       0x6c _build/nrf52832_xxaa/nrf_strerror.c.o
                0x00025660                nrf_strerror_get
 .text.nrf_drv_common_irq_enable
                0x000256cc       0x48 _build/nrf52832_xxaa/nrf_drv_common.c.o
                0x000256cc                nrf_drv_common_irq_enable
 .text.nrf_drv_gpiote_init
                0x00025714       0x74 _build/nrf52832_xxaa/nrf_drv_gpiote.c.o
                0x00025714                nrf_drv_gpiote_init
 .text.nrf_drv_gpiote_in_init
                0x00025788      0x19c _build/nrf52832_xxaa/nrf_drv_gpiote.c.o
                0x00025788                nrf_drv_gpiote_in_init
 .text.nrf_drv_gpiote_in_event_enable
                0x00025924       0xc4 _build/nrf52832_xxaa/nrf_drv_gpiote.c.o
                0x00025924                nrf_drv_gpiote_in_event_enable
 .text.nrf_drv_gpiote_in_event_disable
                0x000259e8       0x64 _build/nrf52832_xxaa/nrf_drv_gpiote.c.o
                0x000259e8                nrf_drv_gpiote_in_event_disable
 .text.GPIOTE_IRQHandler
                0x00025a4c      0x548 _build/nrf52832_xxaa/nrf_drv_gpiote.c.o
                0x00025a4c                GPIOTE_IRQHandler
 .text.nrf_drv_spi_init
                0x00025f94      0x15c _build/nrf52832_xxaa/nrf_drv_spi.c.o
                0x00025f94                nrf_drv_spi_init
 .text.nrf_drv_spi_transfer
                0x000260f0      0x11c _build/nrf52832_xxaa/nrf_drv_spi.c.o
                0x000260f0                nrf_drv_spi_transfer
 .text.SPIM0_SPIS0_TWIM0_TWIS0_SPI0_TWI0_IRQHandler
                0x0002620c       0x4c _build/nrf52832_xxaa/nrf_drv_spi.c.o
                0x0002620c                SPIM0_SPIS0_TWIM0_TWIS0_SPI0_TWI0_IRQHandler
 .text.nrf_drv_uart_init
                0x00026258      0x1d0 _build/nrf52832_xxaa/nrf_drv_uart.c.o
                0x00026258                nrf_drv_uart_init
 .text.nrf_drv_uart_uninit
                0x00026428      0x108 _build/nrf52832_xxaa/nrf_drv_uart.c.o
                0x00026428                nrf_drv_uart_uninit
 .text.nrf_drv_uart_tx
                0x00026530      0x154 _build/nrf52832_xxaa/nrf_drv_uart.c.o
                0x00026530                nrf_drv_uart_tx
 .text.UARTE0_UART0_IRQHandler
                0x00026684      0x2e4 _build/nrf52832_xxaa/nrf_drv_uart.c.o
                0x00026684                UARTE0_UART0_IRQHandler
 .text.soc_evt_handler
                0x00026968       0x24 _build/nrf52832_xxaa/nrf_drv_clock.c.o
 .text.sd_state_evt_handler
                0x0002698c       0xc0 _build/nrf52832_xxaa/nrf_drv_clock.c.o
 .text.POWER_CLOCK_IRQHandler
                0x00026a4c       0x7c _build/nrf52832_xxaa/nrf_drv_clock.c.o
                0x00026a4c                POWER_CLOCK_IRQHandler
 .text.sd_rand_application_bytes_available_get
                0x00026ac8        0x4 _build/nrf52832_xxaa/main.c.o
 .text.sd_rand_application_vector_get
                0x00026acc        0x4 _build/nrf52832_xxaa/main.c.o
 .text.sd_app_evt_wait
                0x00026ad0        0x4 _build/nrf52832_xxaa/main.c.o
 .text.sd_ble_gap_adv_start
                0x00026ad4        0x4 _build/nrf52832_xxaa/main.c.o
 .text.sd_ble_gap_disconnect
                0x00026ad8        0x4 _build/nrf52832_xxaa/main.c.o
 .text.sd_ble_gap_ppcp_set
                0x00026adc        0x4 _build/nrf52832_xxaa/main.c.o
 .text.sd_ble_gap_device_name_set
                0x00026ae0        0x4 _build/nrf52832_xxaa/main.c.o
 .text.sd_ble_gap_sec_params_reply
                0x00026ae4        0x4 _build/nrf52832_xxaa/main.c.o
 .text.sd_ble_gap_phy_update
                0x00026ae8        0x4 _build/nrf52832_xxaa/main.c.o
 .text.sd_ble_gatts_rw_authorize_reply
                0x00026aec        0x4 _build/nrf52832_xxaa/main.c.o
 .text.sd_ble_gatts_sys_attr_set
                0x00026af0        0x4 _build/nrf52832_xxaa/main.c.o
 .text.sd_ble_user_mem_reply
                0x00026af4        0x4 _build/nrf52832_xxaa/main.c.o
 .text.spi_event_handler
                0x00026af8        0xc _build/nrf52832_xxaa/main.c.o
                0x00026af8                spi_event_handler
 .text.gpiote_event_handler
                0x00026b04       0x20 _build/nrf52832_xxaa/main.c.o
                0x00026b04                gpiote_event_handler
 .text.led_write_handler
                0x00026b24       0x70 _build/nrf52832_xxaa/main.c.o
 .text.timer_handler
                0x00026b94       0x24 _build/nrf52832_xxaa/main.c.o
 .text.ble_evt_handler
                0x00026bb8      0x18c _build/nrf52832_xxaa/main.c.o
 .text.button_scheduler_event_handler
                0x00026d44       0xd8 _build/nrf52832_xxaa/main.c.o
                0x00026d44                button_scheduler_event_handler
 .text.st7586_write.constprop.5
                0x00026e1c       0xd4 _build/nrf52832_xxaa/main.c.o
 .text.st7586_write.constprop.6
                0x00026ef0       0xd4 _build/nrf52832_xxaa/main.c.o
 .text.st7586_initialization
                0x00026fc4      0xd98 _build/nrf52832_xxaa/main.c.o
 .text.startup.main
                0x00027d5c     0x18f4 _build/nrf52832_xxaa/main.c.o
                0x00027d5c                main
 .text          0x00029650       0x3c _build/nrf52832_xxaa/gcc_startup_nrf52.S.o
                0x00029650                Reset_Handler
                0x00029678                NMI_Handler
                0x0002967a                HardFault_Handler
                0x0002967c                MemoryManagement_Handler
                0x0002967e                BusFault_Handler
                0x00029680                UsageFault_Handler
                0x00029682                SVC_Handler
                0x00029684                DebugMon_Handler
                0x00029686                PendSV_Handler
                0x00029688                SysTick_Handler
                0x0002968a                TEMP_IRQHandler
                0x0002968a                QDEC_IRQHandler
                0x0002968a                TIMER3_IRQHandler
                0x0002968a                FPU_IRQHandler
                0x0002968a                PDM_IRQHandler
                0x0002968a                TIMER4_IRQHandler
                0x0002968a                I2S_IRQHandler
                0x0002968a                SWI4_EGU4_IRQHandler
                0x0002968a                TIMER0_IRQHandler
                0x0002968a                RADIO_IRQHandler
                0x0002968a                TIMER1_IRQHandler
                0x0002968a                RTC0_IRQHandler
                0x0002968a                ECB_IRQHandler
                0x0002968a                SPIM1_SPIS1_TWIM1_TWIS1_SPI1_TWI1_IRQHandler
                0x0002968a                Default_Handler
                0x0002968a                SAADC_IRQHandler
                0x0002968a                CCM_AAR_IRQHandler
                0x0002968a                WDT_IRQHandler
                0x0002968a                PWM1_IRQHandler
                0x0002968a                SWI5_EGU5_IRQHandler
                0x0002968a                RNG_IRQHandler
                0x0002968a                RTC2_IRQHandler
                0x0002968a                PWM0_IRQHandler
                0x0002968a                SWI3_EGU3_IRQHandler
                0x0002968a                SWI1_EGU1_IRQHandler
                0x0002968a                SPIM2_SPIS2_SPI2_IRQHandler
                0x0002968a                NFCT_IRQHandler
                0x0002968a                PWM2_IRQHandler
                0x0002968a                MWU_IRQHandler
                0x0002968a                TIMER2_IRQHandler
                0x0002968a                COMP_LPCOMP_IRQHandler
 .text.SystemInit
                0x0002968c      0x384 _build/nrf52832_xxaa/system_nrf52.c.o
                0x0002968c                SystemInit
 .text.nrf_section_iter_init
                0x00029a10       0x14 _build/nrf52832_xxaa/nrf_section_iter.c.o
                0x00029a10                nrf_section_iter_init
 .text.nrf_section_iter_next
                0x00029a24       0x18 _build/nrf52832_xxaa/nrf_section_iter.c.o
                0x00029a24                nrf_section_iter_next
 .text.sdk_mapped_flags_first_key_index_get
                0x00029a3c       0x30 _build/nrf52832_xxaa/sdk_mapped_flags.c.o
                0x00029a3c                sdk_mapped_flags_first_key_index_get
 .text.sdk_mapped_flags_update_by_key
                0x00029a6c       0x38 _build/nrf52832_xxaa/sdk_mapped_flags.c.o
                0x00029a6c                sdk_mapped_flags_update_by_key
 .text.sdk_mapped_flags_bulk_update_by_key
                0x00029aa4       0x5c _build/nrf52832_xxaa/sdk_mapped_flags.c.o
                0x00029aa4                sdk_mapped_flags_bulk_update_by_key
 .text.sdk_mapped_flags_key_list_get
                0x00029b00       0x34 _build/nrf52832_xxaa/sdk_mapped_flags.c.o
                0x00029b00                sdk_mapped_flags_key_list_get
 .text.sd_ble_gap_addr_get
                0x00029b34        0x4 _build/nrf52832_xxaa/ble_advdata.c.o
 .text.sd_ble_gap_adv_data_set
                0x00029b38        0x4 _build/nrf52832_xxaa/ble_advdata.c.o
 .text.sd_ble_gap_appearance_get
                0x00029b3c        0x4 _build/nrf52832_xxaa/ble_advdata.c.o
 .text.sd_ble_gap_device_name_get
                0x00029b40        0x4 _build/nrf52832_xxaa/ble_advdata.c.o
 .text.sd_ble_uuid_encode
                0x00029b44        0x4 _build/nrf52832_xxaa/ble_advdata.c.o
 .text.uuid_list_sized_encode
                0x00029b48       0xd0 _build/nrf52832_xxaa/ble_advdata.c.o
 .text.ble_advdata_encode
                0x00029c18      0x3ec _build/nrf52832_xxaa/ble_advdata.c.o
                0x00029c18                ble_advdata_encode
 .text.ble_advdata_set
                0x0002a004      0x4e4 _build/nrf52832_xxaa/ble_advdata.c.o
                0x0002a004                ble_advdata_set
 .text.ble_evt_handler
                0x0002a4e8      0x1d4 _build/nrf52832_xxaa/ble_conn_params.c.o
 .text.ble_evt_handler
                0x0002a6bc      0x114 _build/nrf52832_xxaa/ble_conn_state.c.o
 .text.ble_srv_is_notification_enabled
                0x0002a7d0        0x8 _build/nrf52832_xxaa/ble_srv_common.c.o
                0x0002a7d0                ble_srv_is_notification_enabled
 .text.sd_ble_gap_data_length_update
                0x0002a7d8        0x4 _build/nrf52832_xxaa/nrf_ble_gatt.c.o
 .text.sd_ble_gattc_exchange_mtu_request
                0x0002a7dc        0x4 _build/nrf52832_xxaa/nrf_ble_gatt.c.o
 .text.sd_ble_gatts_exchange_mtu_reply
                0x0002a7e0        0x4 _build/nrf52832_xxaa/nrf_ble_gatt.c.o
 .text.nrf_ble_gatt_init
                0x0002a7e4       0x2c _build/nrf52832_xxaa/nrf_ble_gatt.c.o
                0x0002a7e4                nrf_ble_gatt_init
 .text.nrf_ble_gatt_on_ble_evt
                0x0002a810      0x1f0 _build/nrf52832_xxaa/nrf_ble_gatt.c.o
                0x0002a810                nrf_ble_gatt_on_ble_evt
 .text.sd_ble_gatts_service_add
                0x0002aa00        0x4 _build/nrf52832_xxaa/ble_lbs.c.o
 .text.sd_ble_gatts_characteristic_add
                0x0002aa04        0x4 _build/nrf52832_xxaa/ble_lbs.c.o
 .text.sd_ble_uuid_vs_add
                0x0002aa08        0x4 _build/nrf52832_xxaa/ble_lbs.c.o
 .text.ble_lbs_on_ble_evt
                0x0002aa0c       0x30 _build/nrf52832_xxaa/ble_lbs.c.o
                0x0002aa0c                ble_lbs_on_ble_evt
 .text.ble_lbs_init
                0x0002aa3c      0x1a8 _build/nrf52832_xxaa/ble_lbs.c.o
                0x0002aa3c                ble_lbs_init
 .text.sd_softdevice_enable
                0x0002abe4        0x4 _build/nrf52832_xxaa/nrf_sdh.c.o
 .text.nrf_sdh_enable_request
                0x0002abe8      0x108 _build/nrf52832_xxaa/nrf_sdh.c.o
                0x0002abe8                nrf_sdh_enable_request
 .text.nrf_sdh_is_enabled
                0x0002acf0        0xc _build/nrf52832_xxaa/nrf_sdh.c.o
                0x0002acf0                nrf_sdh_is_enabled
 .text.SWI2_EGU2_IRQHandler
                0x0002acfc       0x2c _build/nrf52832_xxaa/nrf_sdh.c.o
                0x0002acfc                SWI2_EGU2_IRQHandler
 .text.sd_ble_enable
                0x0002ad28        0x4 _build/nrf52832_xxaa/nrf_sdh_ble.c.o
 .text.sd_ble_cfg_set
                0x0002ad2c        0x4 _build/nrf52832_xxaa/nrf_sdh_ble.c.o
 .text.sd_ble_evt_get
                0x0002ad30        0x4 _build/nrf52832_xxaa/nrf_sdh_ble.c.o
 .text.nrf_sdh_ble_evts_poll
                0x0002ad34       0x4c _build/nrf52832_xxaa/nrf_sdh_ble.c.o
 .text.nrf_sdh_ble_default_cfg_set
                0x0002ad80      0x164 _build/nrf52832_xxaa/nrf_sdh_ble.c.o
                0x0002ad80                nrf_sdh_ble_default_cfg_set
 .text.nrf_sdh_ble_enable
                0x0002aee4       0x74 _build/nrf52832_xxaa/nrf_sdh_ble.c.o
                0x0002aee4                nrf_sdh_ble_enable
 .text.sd_evt_get
                0x0002af58        0x4 _build/nrf52832_xxaa/nrf_sdh_soc.c.o
 .text.nrf_sdh_soc_evts_poll
                0x0002af5c       0x4c _build/nrf52832_xxaa/nrf_sdh_soc.c.o
 .text.exit     0x0002afa8       0x28 c:/program files (x86)/gnu tools arm embedded/7 2017-q4-major/bin/../lib/gcc/arm-none-eabi/7.2.1/../../../../arm-none-eabi/lib/thumb/v7e-m/fpv4-sp/hard\libc_nano.a(lib_a-exit.o)
                0x0002afa8                exit
 .text.__libc_init_array
                0x0002afd0       0x48 c:/program files (x86)/gnu tools arm embedded/7 2017-q4-major/bin/../lib/gcc/arm-none-eabi/7.2.1/../../../../arm-none-eabi/lib/thumb/v7e-m/fpv4-sp/hard\libc_nano.a(lib_a-init.o)
                0x0002afd0                __libc_init_array
 .text.__locale_ctype_ptr
                0x0002b018       0x1c c:/program files (x86)/gnu tools arm embedded/7 2017-q4-major/bin/../lib/gcc/arm-none-eabi/7.2.1/../../../../arm-none-eabi/lib/thumb/v7e-m/fpv4-sp/hard\libc_nano.a(lib_a-locale.o)
                0x0002b018                __locale_ctype_ptr
 .text.__ascii_mbtowc
                0x0002b034       0x24 c:/program files (x86)/gnu tools arm embedded/7 2017-q4-major/bin/../lib/gcc/arm-none-eabi/7.2.1/../../../../arm-none-eabi/lib/thumb/v7e-m/fpv4-sp/hard\libc_nano.a(lib_a-mbtowc_r.o)
                0x0002b034                __ascii_mbtowc
 .text.memcpy   0x0002b058       0x16 c:/program files (x86)/gnu tools arm embedded/7 2017-q4-major/bin/../lib/gcc/arm-none-eabi/7.2.1/../../../../arm-none-eabi/lib/thumb/v7e-m/fpv4-sp/hard\libc_nano.a(lib_a-memcpy-stub.o)
                0x0002b058                memcpy
 .text.memset   0x0002b06e       0x10 c:/program files (x86)/gnu tools arm embedded/7 2017-q4-major/bin/../lib/gcc/arm-none-eabi/7.2.1/../../../../arm-none-eabi/lib/thumb/v7e-m/fpv4-sp/hard\libc_nano.a(lib_a-memset.o)
                0x0002b06e                memset
 .text          0x0002b07e       0x10 c:/program files (x86)/gnu tools arm embedded/7 2017-q4-major/bin/../lib/gcc/arm-none-eabi/7.2.1/../../../../arm-none-eabi/lib/thumb/v7e-m/fpv4-sp/hard\libc_nano.a(lib_a-strlen.o)
                0x0002b07e                strlen
 .text.__ascii_wctomb
                0x0002b08e       0x1a c:/program files (x86)/gnu tools arm embedded/7 2017-q4-major/bin/../lib/gcc/arm-none-eabi/7.2.1/../../../../arm-none-eabi/lib/thumb/v7e-m/fpv4-sp/hard\libc_nano.a(lib_a-wctomb_r.o)
                0x0002b08e                __ascii_wctomb
 .text._exit    0x0002b0a8        0x4 c:/program files (x86)/gnu tools arm embedded/7 2017-q4-major/bin/../lib/gcc/arm-none-eabi/7.2.1/../../../../arm-none-eabi/lib/thumb/v7e-m/fpv4-sp/hard\libnosys.a(_exit.o)
                0x0002b0a8                _exit
 *(.init)
 .init          0x0002b0ac        0x4 c:/program files (x86)/gnu tools arm embedded/7 2017-q4-major/bin/../lib/gcc/arm-none-eabi/7.2.1/thumb/v7e-m/fpv4-sp/hard/crti.o
                0x0002b0ac                _init
 .init          0x0002b0b0        0x8 c:/program files (x86)/gnu tools arm embedded/7 2017-q4-major/bin/../lib/gcc/arm-none-eabi/7.2.1/thumb/v7e-m/fpv4-sp/hard/crtn.o
 *(.fini)
 .fini          0x0002b0b8        0x4 c:/program files (x86)/gnu tools arm embedded/7 2017-q4-major/bin/../lib/gcc/arm-none-eabi/7.2.1/thumb/v7e-m/fpv4-sp/hard/crti.o
                0x0002b0b8                _fini
 .fini          0x0002b0bc        0x8 c:/program files (x86)/gnu tools arm embedded/7 2017-q4-major/bin/../lib/gcc/arm-none-eabi/7.2.1/thumb/v7e-m/fpv4-sp/hard/crtn.o
 *crtbegin.o(.ctors)
 *crtbegin?.o(.ctors)
 *(EXCLUDE_FILE(*crtend.o *crtend?.o) .ctors)
 *(SORT_BY_NAME(.ctors.*))
 *(.ctors)
 *crtbegin.o(.dtors)
 *crtbegin?.o(.dtors)
 *(EXCLUDE_FILE(*crtend.o *crtend?.o) .dtors)
 *(SORT_BY_NAME(.dtors.*))
 *(.dtors)
 *(.rodata*)
 .rodata        0x0002b0c4       0x20 _build/nrf52832_xxaa/nrf_log_backend_uart.c.o
 .rodata.nrf_log_backend_uart_api
                0x0002b0e4        0xc _build/nrf52832_xxaa/nrf_log_backend_uart.c.o
                0x0002b0e4                nrf_log_backend_uart_api
 .rodata.mempool
                0x0002b0f0       0x14 _build/nrf52832_xxaa/nrf_log_frontend.c.o
 .rodata.str1.4
                0x0002b104        0x4 _build/nrf52832_xxaa/nrf_log_frontend.c.o
 .rodata.m_colors
                0x0002b108       0x24 _build/nrf52832_xxaa/nrf_log_str_formatter.c.o
 .rodata.nrf_log_hexdump_entry_process.str1.4
                0x0002b12c       0x13 _build/nrf52832_xxaa/nrf_log_str_formatter.c.o
                                 0x16 (size before relaxing)
 *fill*         0x0002b13f        0x1 
 .rodata.nrf_log_std_entry_process.str1.4
                0x0002b140       0x1b _build/nrf52832_xxaa/nrf_log_str_formatter.c.o
 *fill*         0x0002b15b        0x1 
 .rodata.severity_names
                0x0002b15c       0x14 _build/nrf52832_xxaa/nrf_log_str_formatter.c.o
 .rodata.str1.4
                0x0002b170       0x5e _build/nrf52832_xxaa/nrf_log_str_formatter.c.o
 *fill*         0x0002b1ce        0x2 
 .rodata.m_board_led_list
                0x0002b1d0        0x4 _build/nrf52832_xxaa/boards.c.o
 .rodata.app_error_fault_handler.str1.4
                0x0002b1d4       0x19 _build/nrf52832_xxaa/app_error_weak.c.o
 *fill*         0x0002b1ed        0x3 
 .rodata.str1.4
                0x0002b1f0        0x7 _build/nrf52832_xxaa/nrf_balloc.c.o
 *fill*         0x0002b1f7        0x1 
 .rodata._aV2C.7959
                0x0002b1f8       0x10 _build/nrf52832_xxaa/nrf_fprintf_format.c.o
 .rodata.m_unknown_str
                0x0002b208       0x13 _build/nrf52832_xxaa/nrf_strerror.c.o
 *fill*         0x0002b21b        0x1 
 .rodata.nrf_strerror_array
                0x0002b21c       0xf0 _build/nrf52832_xxaa/nrf_strerror.c.o
 .rodata.str1.4
                0x0002b30c      0x308 _build/nrf52832_xxaa/nrf_strerror.c.o
 .rodata.str1.4
                0x0002b614        0x7 _build/nrf52832_xxaa/nrf_drv_gpiote.c.o
 *fill*         0x0002b61b        0x1 
 .rodata.str1.4
                0x0002b61c        0x4 _build/nrf52832_xxaa/nrf_drv_spi.c.o
 .rodata.str1.4
                0x0002b620        0x5 _build/nrf52832_xxaa/nrf_drv_uart.c.o
 *fill*         0x0002b625        0x3 
 .rodata.str1.4
                0x0002b628        0x6 _build/nrf52832_xxaa/nrf_drv_clock.c.o
 *fill*         0x0002b62e        0x2 
 .rodata        0x0002b630       0x14 _build/nrf52832_xxaa/main.c.o
 .rodata.ble_evt_handler.str1.4
                0x0002b644       0x19 _build/nrf52832_xxaa/main.c.o
 *fill*         0x0002b65d        0x3 
 .rodata.button_scheduler_event_handler.str1.4
                0x0002b660       0x40 _build/nrf52832_xxaa/main.c.o
 .rodata.led_write_handler.str1.4
                0x0002b6a0       0x26 _build/nrf52832_xxaa/main.c.o
 *fill*         0x0002b6c6        0x2 
 .rodata.m_led_a_timer_id
                0x0002b6c8        0x4 _build/nrf52832_xxaa/main.c.o
 .rodata.main.str1.4
                0x0002b6cc       0x20 _build/nrf52832_xxaa/main.c.o
 .rodata.st7586_spi
                0x0002b6ec        0x8 _build/nrf52832_xxaa/main.c.o
 .rodata.timer_handler.str1.4
                0x0002b6f4       0x15 _build/nrf52832_xxaa/main.c.o
 *fill*         0x0002b709        0x3 
 .rodata.str1.4
                0x0002b70c        0x9 _build/nrf52832_xxaa/nrf_pwr_mgmt.c.o
 *fill*         0x0002b715        0x3 
 .rodata.nrf_ble_gatt_on_ble_evt.str1.4
                0x0002b718      0x130 _build/nrf52832_xxaa/nrf_ble_gatt.c.o
 .rodata.str1.4
                0x0002b848        0x9 _build/nrf52832_xxaa/nrf_ble_gatt.c.o
 *fill*         0x0002b851        0x3 
 .rodata        0x0002b854       0x10 _build/nrf52832_xxaa/ble_lbs.c.o
 .rodata        0x0002b864        0x4 _build/nrf52832_xxaa/nrf_sdh.c.o
 .rodata.sdh_req_observers
                0x0002b868        0xc _build/nrf52832_xxaa/nrf_sdh.c.o
 .rodata.sdh_stack_observers
                0x0002b874        0xc _build/nrf52832_xxaa/nrf_sdh.c.o
 .rodata.sdh_state_observers
                0x0002b880        0xc _build/nrf52832_xxaa/nrf_sdh.c.o
 .rodata.str1.4
                0x0002b88c        0x8 _build/nrf52832_xxaa/nrf_sdh.c.o
 .rodata.nrf_sdh_ble_default_cfg_set.str1.4
                0x0002b894      0x187 _build/nrf52832_xxaa/nrf_sdh_ble.c.o
 *fill*         0x0002ba1b        0x1 
 .rodata.nrf_sdh_ble_enable.str1.4
                0x0002ba1c       0x71 _build/nrf52832_xxaa/nrf_sdh_ble.c.o
 *fill*         0x0002ba8d        0x3 
 .rodata.sdh_ble_observers
                0x0002ba90        0xc _build/nrf52832_xxaa/nrf_sdh_ble.c.o
 .rodata.str1.4
                0x0002ba9c        0xc _build/nrf52832_xxaa/nrf_sdh_ble.c.o
 .rodata.sdh_soc_observers
                0x0002baa8        0xc _build/nrf52832_xxaa/nrf_sdh_soc.c.o
 .rodata.str1.4
                0x0002bab4        0xc _build/nrf52832_xxaa/nrf_sdh_soc.c.o
 .rodata._global_impure_ptr
                0x0002bac0        0x4 c:/program files (x86)/gnu tools arm embedded/7 2017-q4-major/bin/../lib/gcc/arm-none-eabi/7.2.1/../../../../arm-none-eabi/lib/thumb/v7e-m/fpv4-sp/hard\libc_nano.a(lib_a-impure.o)
                0x0002bac0                _global_impure_ptr
 .rodata._setlocale_r.str1.1
                0x0002bac4        0x8 c:/program files (x86)/gnu tools arm embedded/7 2017-q4-major/bin/../lib/gcc/arm-none-eabi/7.2.1/../../../../arm-none-eabi/lib/thumb/v7e-m/fpv4-sp/hard\libc_nano.a(lib_a-locale.o)
                                  0x9 (size before relaxing)
 .rodata.str1.1
                0x0002bacc        0x2 c:/program files (x86)/gnu tools arm embedded/7 2017-q4-major/bin/../lib/gcc/arm-none-eabi/7.2.1/../../../../arm-none-eabi/lib/thumb/v7e-m/fpv4-sp/hard\libc_nano.a(lib_a-locale.o)
 .rodata._ctype_
                0x0002bace      0x101 c:/program files (x86)/gnu tools arm embedded/7 2017-q4-major/bin/../lib/gcc/arm-none-eabi/7.2.1/../../../../arm-none-eabi/lib/thumb/v7e-m/fpv4-sp/hard\libc_nano.a(lib_a-ctype_.o)
                0x0002bace                _ctype_
 *(.eh_frame*)
 *fill*         0x0002bbcf        0x1 
 .eh_frame      0x0002bbd0        0x0 c:/program files (x86)/gnu tools arm embedded/7 2017-q4-major/bin/../lib/gcc/arm-none-eabi/7.2.1/thumb/v7e-m/fpv4-sp/hard/crtbegin.o
 .eh_frame      0x0002bbd0        0x4 c:/program files (x86)/gnu tools arm embedded/7 2017-q4-major/bin/../lib/gcc/arm-none-eabi/7.2.1/thumb/v7e-m/fpv4-sp/hard/crtend.o

.glue_7         0x0002bbd4        0x0
 .glue_7        0x0002bbd4        0x0 linker stubs

.glue_7t        0x0002bbd4        0x0
 .glue_7t       0x0002bbd4        0x0 linker stubs

.vfp11_veneer   0x0002bbd4        0x0
 .vfp11_veneer  0x0002bbd4        0x0 linker stubs

.v4_bx          0x0002bbd4        0x0
 .v4_bx         0x0002bbd4        0x0 linker stubs

.iplt           0x0002bbd4        0x0
 .iplt          0x0002bbd4        0x0 c:/program files (x86)/gnu tools arm embedded/7 2017-q4-major/bin/../lib/gcc/arm-none-eabi/7.2.1/thumb/v7e-m/fpv4-sp/hard/crtbegin.o

.mem_section_dummy_rom

.sdh_soc_observers
                0x0002bbd4        0x8
                0x0002bbd4                PROVIDE (__start_sdh_soc_observers, .)
 *(SORT_BY_NAME(.sdh_soc_observers*))
 .sdh_soc_observers0
                0x0002bbd4        0x8 _build/nrf52832_xxaa/nrf_drv_clock.c.o
                0x0002bbdc                PROVIDE (__stop_sdh_soc_observers, .)

.pwr_mgmt_data  0x0002bbdc        0x0
                0x0002bbdc                PROVIDE (__start_pwr_mgmt_data, .)
 *(SORT_BY_NAME(.pwr_mgmt_data*))
                0x0002bbdc                PROVIDE (__stop_pwr_mgmt_data, .)

.sdh_ble_observers
                0x0002bbdc       0x28
                0x0002bbdc                PROVIDE (__start_sdh_ble_observers, .)
 *(SORT_BY_NAME(.sdh_ble_observers*))
 .sdh_ble_observers0
                0x0002bbdc        0x8 _build/nrf52832_xxaa/ble_conn_state.c.o
 .sdh_ble_observers1
                0x0002bbe4        0x8 _build/nrf52832_xxaa/main.c.o
 .sdh_ble_observers1
                0x0002bbec        0x8 _build/nrf52832_xxaa/ble_conn_params.c.o
 .sdh_ble_observers2
                0x0002bbf4        0x8 _build/nrf52832_xxaa/main.c.o
 .sdh_ble_observers3
                0x0002bbfc        0x8 _build/nrf52832_xxaa/main.c.o
                0x0002bc04                PROVIDE (__stop_sdh_ble_observers, .)

.log_const_data
                0x0002bc04       0x58
                0x0002bc04                PROVIDE (__start_log_const_data, .)
 *(SORT_BY_NAME(.log_const_data*))
 .log_const_data_app
                0x0002bc04        0x8 _build/nrf52832_xxaa/nrf_log_frontend.c.o
                0x0002bc04                m_nrf_log_app_logs_data_const
 .log_const_data_balloc
                0x0002bc0c        0x8 _build/nrf52832_xxaa/nrf_balloc.c.o
                0x0002bc0c                m_nrf_log_balloc_logs_data_const
 .log_const_data_ble_gatt
                0x0002bc14        0x8 _build/nrf52832_xxaa/nrf_ble_gatt.c.o
                0x0002bc14                m_nrf_log_ble_gatt_logs_data_const
 .log_const_data_clock
                0x0002bc1c        0x8 _build/nrf52832_xxaa/nrf_drv_clock.c.o
                0x0002bc1c                m_nrf_log_clock_logs_data_const
 .log_const_data_gpiote
                0x0002bc24        0x8 _build/nrf52832_xxaa/nrf_drv_gpiote.c.o
                0x0002bc24                m_nrf_log_gpiote_logs_data_const
 .log_const_data_nrf_sdh
                0x0002bc2c        0x8 _build/nrf52832_xxaa/nrf_sdh.c.o
                0x0002bc2c                m_nrf_log_nrf_sdh_logs_data_const
 .log_const_data_nrf_sdh_ble
                0x0002bc34        0x8 _build/nrf52832_xxaa/nrf_sdh_ble.c.o
                0x0002bc34                m_nrf_log_nrf_sdh_ble_logs_data_const
 .log_const_data_nrf_sdh_soc
                0x0002bc3c        0x8 _build/nrf52832_xxaa/nrf_sdh_soc.c.o
                0x0002bc3c                m_nrf_log_nrf_sdh_soc_logs_data_const
 .log_const_data_pwr_mgmt
                0x0002bc44        0x8 _build/nrf52832_xxaa/nrf_pwr_mgmt.c.o
                0x0002bc44                m_nrf_log_pwr_mgmt_logs_data_const
 .log_const_data_spi
                0x0002bc4c        0x8 _build/nrf52832_xxaa/nrf_drv_spi.c.o
                0x0002bc4c                m_nrf_log_spi_logs_data_const
 .log_const_data_uart
                0x0002bc54        0x8 _build/nrf52832_xxaa/nrf_drv_uart.c.o
                0x0002bc54                m_nrf_log_uart_logs_data_const
                0x0002bc5c                PROVIDE (__stop_log_const_data, .)

.sdh_req_observers
                0x0002bc5c        0x0
                0x0002bc5c                PROVIDE (__start_sdh_req_observers, .)
 *(SORT_BY_NAME(.sdh_req_observers*))
                0x0002bc5c                PROVIDE (__stop_sdh_req_observers, .)

.sdh_state_observers
                0x0002bc5c        0x8
                0x0002bc5c                PROVIDE (__start_sdh_state_observers, .)
 *(SORT_BY_NAME(.sdh_state_observers*))
 .sdh_state_observers0
                0x0002bc5c        0x8 _build/nrf52832_xxaa/nrf_drv_clock.c.o
                0x0002bc64                PROVIDE (__stop_sdh_state_observers, .)

.sdh_stack_observers
                0x0002bc64       0x10
                0x0002bc64                PROVIDE (__start_sdh_stack_observers, .)
 *(SORT_BY_NAME(.sdh_stack_observers*))
 .sdh_stack_observers0
                0x0002bc64        0x8 _build/nrf52832_xxaa/nrf_sdh_ble.c.o
 .sdh_stack_observers0
                0x0002bc6c        0x8 _build/nrf52832_xxaa/nrf_sdh_soc.c.o
                0x0002bc74                PROVIDE (__stop_sdh_stack_observers, .)

.cli_command    0x0002bc74        0x0
                [!provide]                PROVIDE (__start_cli_command, .)
 *(.cli_command)
                [!provide]                PROVIDE (__stop_cli_command, .)

.ARM.extab
 *(.ARM.extab* .gnu.linkonce.armextab.*)
                0x0002bc74                __exidx_start = .

.ARM.exidx      0x0002bc74        0x8
 *(.ARM.exidx* .gnu.linkonce.armexidx.*)
 .ARM.exidx     0x0002bc74        0x8 c:/program files (x86)/gnu tools arm embedded/7 2017-q4-major/bin/../lib/gcc/arm-none-eabi/7.2.1/../../../../arm-none-eabi/lib/thumb/v7e-m/fpv4-sp/hard/crt0.o
                0x0002bc7c                __exidx_end = .
                0x0002bc7c                __etext = .

.rel.dyn        0x0002bc7c        0x0
 .rel.iplt      0x0002bc7c        0x0 c:/program files (x86)/gnu tools arm embedded/7 2017-q4-major/bin/../lib/gcc/arm-none-eabi/7.2.1/thumb/v7e-m/fpv4-sp/hard/crtbegin.o

.data           0x20002180      0x1fc load address 0x0002bc7c
                0x20002180                __data_start__ = .
 *(vtable)
 *(.data*)
 .data.m_uart   0x20002180        0x8 _build/nrf52832_xxaa/nrf_log_backend_uart.c.o
                0x20002180                m_uart
 .data.uart_log_backend
                0x20002188        0xc _build/nrf52832_xxaa/nrf_log_default_backends.c.o
 .data.body     0x20002194        0x4 _build/nrf52832_xxaa/main.c.o
                0x20002194                body
 .data.direction
                0x20002198        0x1 _build/nrf52832_xxaa/main.c.o
                0x20002198                direction
 *fill*         0x20002199        0x1 
 .data.m_conn_handle
                0x2000219a        0x2 _build/nrf52832_xxaa/main.c.o
 .data.sign     0x2000219c        0x1 _build/nrf52832_xxaa/main.c.o
                0x2000219c                sign
 *fill*         0x2000219d        0x3 
 .data.SystemCoreClock
                0x200021a0        0x4 _build/nrf52832_xxaa/system_nrf52.c.o
                0x200021a0                SystemCoreClock
 .data._impure_ptr
                0x200021a4        0x4 c:/program files (x86)/gnu tools arm embedded/7 2017-q4-major/bin/../lib/gcc/arm-none-eabi/7.2.1/../../../../arm-none-eabi/lib/thumb/v7e-m/fpv4-sp/hard\libc_nano.a(lib_a-impure.o)
                0x200021a4                _impure_ptr
 .data.impure_data
                0x200021a8       0x60 c:/program files (x86)/gnu tools arm embedded/7 2017-q4-major/bin/../lib/gcc/arm-none-eabi/7.2.1/../../../../arm-none-eabi/lib/thumb/v7e-m/fpv4-sp/hard\libc_nano.a(lib_a-impure.o)
 .data.__global_locale
                0x20002208      0x16c c:/program files (x86)/gnu tools arm embedded/7 2017-q4-major/bin/../lib/gcc/arm-none-eabi/7.2.1/../../../../arm-none-eabi/lib/thumb/v7e-m/fpv4-sp/hard\libc_nano.a(lib_a-locale.o)
                0x20002208                __global_locale
                0x20002374                . = ALIGN (0x4)
                0x20002374                PROVIDE (__preinit_array_start, .)
 *(.preinit_array)
                0x20002374                PROVIDE (__preinit_array_end, .)
                0x20002374                . = ALIGN (0x4)
                0x20002374                PROVIDE (__init_array_start, .)
 *(SORT_BY_NAME(.init_array.*))
 *(.init_array)
 .init_array    0x20002374        0x4 c:/program files (x86)/gnu tools arm embedded/7 2017-q4-major/bin/../lib/gcc/arm-none-eabi/7.2.1/thumb/v7e-m/fpv4-sp/hard/crtbegin.o
                0x20002378                PROVIDE (__init_array_end, .)
                0x20002378                . = ALIGN (0x4)
                [!provide]                PROVIDE (__fini_array_start, .)
 *(SORT_BY_NAME(.fini_array.*))
 *(.fini_array)
 .fini_array    0x20002378        0x4 c:/program files (x86)/gnu tools arm embedded/7 2017-q4-major/bin/../lib/gcc/arm-none-eabi/7.2.1/thumb/v7e-m/fpv4-sp/hard/crtbegin.o
                [!provide]                PROVIDE (__fini_array_end, .)
 *(.jcr*)
                0x2000237c                . = ALIGN (0x4)
                0x2000237c                __data_end__ = .
LOAD c:/program files (x86)/gnu tools arm embedded/7 2017-q4-major/bin/../lib/gcc/arm-none-eabi/7.2.1/thumb/v7e-m/fpv4-sp/hard/crti.o
LOAD c:/program files (x86)/gnu tools arm embedded/7 2017-q4-major/bin/../lib/gcc/arm-none-eabi/7.2.1/thumb/v7e-m/fpv4-sp/hard/crtbegin.o
LOAD c:/program files (x86)/gnu tools arm embedded/7 2017-q4-major/bin/../lib/gcc/arm-none-eabi/7.2.1/../../../../arm-none-eabi/lib/thumb/v7e-m/fpv4-sp/hard/crt0.o
LOAD _build/nrf52832_xxaa/nrf_log_backend_rtt.c.o
LOAD _build/nrf52832_xxaa/nrf_log_backend_serial.c.o
LOAD _build/nrf52832_xxaa/nrf_log_backend_uart.c.o
LOAD _build/nrf52832_xxaa/nrf_log_default_backends.c.o
LOAD _build/nrf52832_xxaa/nrf_log_frontend.c.o
LOAD _build/nrf52832_xxaa/nrf_log_str_formatter.c.o
LOAD _build/nrf52832_xxaa/boards.c.o
LOAD _build/nrf52832_xxaa/app_button.c.o
LOAD _build/nrf52832_xxaa/app_error.c.o
LOAD _build/nrf52832_xxaa/app_error_weak.c.o
LOAD _build/nrf52832_xxaa/app_scheduler.c.o
LOAD _build/nrf52832_xxaa/app_timer.c.o
LOAD _build/nrf52832_xxaa/app_util_platform.c.o
LOAD _build/nrf52832_xxaa/nrf_assert.c.o
LOAD _build/nrf52832_xxaa/nrf_balloc.c.o
LOAD _build/nrf52832_xxaa/nrf_fprintf.c.o
LOAD _build/nrf52832_xxaa/nrf_fprintf_format.c.o
LOAD _build/nrf52832_xxaa/nrf_memobj.c.o
LOAD _build/nrf52832_xxaa/nrf_strerror.c.o
LOAD _build/nrf52832_xxaa/nrf_drv_common.c.o
LOAD _build/nrf52832_xxaa/nrf_drv_gpiote.c.o
LOAD _build/nrf52832_xxaa/nrf_drv_spi.c.o
LOAD _build/nrf52832_xxaa/nrf_drv_uart.c.o
LOAD _build/nrf52832_xxaa/nrf_drv_clock.c.o
LOAD _build/nrf52832_xxaa/bsp.c.o
LOAD _build/nrf52832_xxaa/bsp_nfc.c.o
LOAD _build/nrf52832_xxaa/main.c.o
LOAD _build/nrf52832_xxaa/SEGGER_RTT.c.o
LOAD _build/nrf52832_xxaa/SEGGER_RTT_Syscalls_GCC.c.o
LOAD _build/nrf52832_xxaa/SEGGER_RTT_printf.c.o
LOAD _build/nrf52832_xxaa/gcc_startup_nrf52.S.o
LOAD _build/nrf52832_xxaa/system_nrf52.c.o
LOAD _build/nrf52832_xxaa/hardfault_implementation.c.o
LOAD _build/nrf52832_xxaa/nrf_atfifo.c.o
LOAD _build/nrf52832_xxaa/nrf_pwr_mgmt.c.o
LOAD _build/nrf52832_xxaa/nrf_section_iter.c.o
LOAD _build/nrf52832_xxaa/sdk_mapped_flags.c.o
LOAD _build/nrf52832_xxaa/ble_advdata.c.o
LOAD _build/nrf52832_xxaa/ble_conn_params.c.o
LOAD _build/nrf52832_xxaa/ble_conn_state.c.o
LOAD _build/nrf52832_xxaa/ble_srv_common.c.o
LOAD _build/nrf52832_xxaa/nrf_ble_gatt.c.o
LOAD _build/nrf52832_xxaa/ble_lbs.c.o
LOAD _build/nrf52832_xxaa/nrf_sdh.c.o
LOAD _build/nrf52832_xxaa/nrf_sdh_ble.c.o
LOAD _build/nrf52832_xxaa/nrf_sdh_soc.c.o
LOAD c:/program files (x86)/gnu tools arm embedded/7 2017-q4-major/bin/../lib/gcc/arm-none-eabi/7.2.1/../../../../arm-none-eabi/lib/thumb/v7e-m/fpv4-sp/hard\libc_nano.a
LOAD c:/program files (x86)/gnu tools arm embedded/7 2017-q4-major/bin/../lib/gcc/arm-none-eabi/7.2.1/../../../../arm-none-eabi/lib/thumb/v7e-m/fpv4-sp/hard\libnosys.a
LOAD c:/program files (x86)/gnu tools arm embedded/7 2017-q4-major/bin/../lib/gcc/arm-none-eabi/7.2.1/../../../../arm-none-eabi/lib/thumb/v7e-m/fpv4-sp/hard\libm.a
START GROUP
LOAD c:/program files (x86)/gnu tools arm embedded/7 2017-q4-major/bin/../lib/gcc/arm-none-eabi/7.2.1/thumb/v7e-m/fpv4-sp/hard\libgcc.a
LOAD c:/program files (x86)/gnu tools arm embedded/7 2017-q4-major/bin/../lib/gcc/arm-none-eabi/7.2.1/../../../../arm-none-eabi/lib/thumb/v7e-m/fpv4-sp/hard\libg_nano.a
LOAD c:/program files (x86)/gnu tools arm embedded/7 2017-q4-major/bin/../lib/gcc/arm-none-eabi/7.2.1/../../../../arm-none-eabi/lib/thumb/v7e-m/fpv4-sp/hard\libc_nano.a
END GROUP
START GROUP
LOAD c:/program files (x86)/gnu tools arm embedded/7 2017-q4-major/bin/../lib/gcc/arm-none-eabi/7.2.1/thumb/v7e-m/fpv4-sp/hard\libgcc.a
LOAD c:/program files (x86)/gnu tools arm embedded/7 2017-q4-major/bin/../lib/gcc/arm-none-eabi/7.2.1/../../../../arm-none-eabi/lib/thumb/v7e-m/fpv4-sp/hard\libc_nano.a
END GROUP
LOAD c:/program files (x86)/gnu tools arm embedded/7 2017-q4-major/bin/../lib/gcc/arm-none-eabi/7.2.1/thumb/v7e-m/fpv4-sp/hard/crtend.o
LOAD c:/program files (x86)/gnu tools arm embedded/7 2017-q4-major/bin/../lib/gcc/arm-none-eabi/7.2.1/thumb/v7e-m/fpv4-sp/hard/crtn.o
START GROUP
LOAD c:/program files (x86)/gnu tools arm embedded/7 2017-q4-major/bin/../lib/gcc/arm-none-eabi/7.2.1/thumb/v7e-m/fpv4-sp/hard\libgcc.a
LOAD c:/program files (x86)/gnu tools arm embedded/7 2017-q4-major/bin/../lib/gcc/arm-none-eabi/7.2.1/../../../../arm-none-eabi/lib/thumb/v7e-m/fpv4-sp/hard\libc.a
LOAD c:/program files (x86)/gnu tools arm embedded/7 2017-q4-major/bin/../lib/gcc/arm-none-eabi/7.2.1/../../../../arm-none-eabi/lib/thumb/v7e-m/fpv4-sp/hard\libnosys.a
END GROUP

.igot.plt       0x2000237c        0x0 load address 0x0002be78
 .igot.plt      0x2000237c        0x0 c:/program files (x86)/gnu tools arm embedded/7 2017-q4-major/bin/../lib/gcc/arm-none-eabi/7.2.1/thumb/v7e-m/fpv4-sp/hard/crtbegin.o
                0x2000237c                . = ALIGN (0x4)

.mem_section_dummy_ram

.log_dynamic_data
                0x2000237c       0x84 load address 0x0002be78
                0x2000237c                PROVIDE (__start_log_dynamic_data, .)
 *(SORT_BY_NAME(.log_dynamic_data*))
 .log_dynamic_data_app
                0x2000237c        0xc _build/nrf52832_xxaa/nrf_log_frontend.c.o
                0x2000237c                m_nrf_log_app_logs_data_dynamic
 .log_dynamic_data_balloc
                0x20002388        0xc _build/nrf52832_xxaa/nrf_balloc.c.o
                0x20002388                m_nrf_log_balloc_logs_data_dynamic
 .log_dynamic_data_ble_gatt
                0x20002394        0xc _build/nrf52832_xxaa/nrf_ble_gatt.c.o
                0x20002394                m_nrf_log_ble_gatt_logs_data_dynamic
 .log_dynamic_data_clock
                0x200023a0        0xc _build/nrf52832_xxaa/nrf_drv_clock.c.o
                0x200023a0                m_nrf_log_clock_logs_data_dynamic
 .log_dynamic_data_gpiote
                0x200023ac        0xc _build/nrf52832_xxaa/nrf_drv_gpiote.c.o
                0x200023ac                m_nrf_log_gpiote_logs_data_dynamic
 .log_dynamic_data_nrf_sdh
                0x200023b8        0xc _build/nrf52832_xxaa/nrf_sdh.c.o
                0x200023b8                m_nrf_log_nrf_sdh_logs_data_dynamic
 .log_dynamic_data_nrf_sdh_ble
                0x200023c4        0xc _build/nrf52832_xxaa/nrf_sdh_ble.c.o
                0x200023c4                m_nrf_log_nrf_sdh_ble_logs_data_dynamic
 .log_dynamic_data_nrf_sdh_soc
                0x200023d0        0xc _build/nrf52832_xxaa/nrf_sdh_soc.c.o
                0x200023d0                m_nrf_log_nrf_sdh_soc_logs_data_dynamic
 .log_dynamic_data_pwr_mgmt
                0x200023dc        0xc _build/nrf52832_xxaa/nrf_pwr_mgmt.c.o
                0x200023dc                m_nrf_log_pwr_mgmt_logs_data_dynamic
 .log_dynamic_data_spi
                0x200023e8        0xc _build/nrf52832_xxaa/nrf_drv_spi.c.o
                0x200023e8                m_nrf_log_spi_logs_data_dynamic
 .log_dynamic_data_uart
                0x200023f4        0xc _build/nrf52832_xxaa/nrf_drv_uart.c.o
                0x200023f4                m_nrf_log_uart_logs_data_dynamic
                [!provide]                PROVIDE (__stop_log_dynamic_data, .)

.cli_sorted_cmd_ptrs
                0x20002400        0x0
                [!provide]                PROVIDE (__start_cli_sorted_cmd_ptrs, .)
 *(.cli_sorted_cmd_ptrs)
                [!provide]                PROVIDE (__stop_cli_sorted_cmd_ptrs, .)

.fs_data        0x20002400        0x0
                [!provide]                PROVIDE (__start_fs_data, .)
 *(.fs_data)
                [!provide]                PROVIDE (__stop_fs_data, .)

.bss            0x20002400      0xfc8 load address 0x0002befc
                0x20002400                . = ALIGN (0x4)
                0x20002400                __bss_start__ = .
 *(.bss*)
 .bss           0x20002400       0x1c c:/program files (x86)/gnu tools arm embedded/7 2017-q4-major/bin/../lib/gcc/arm-none-eabi/7.2.1/thumb/v7e-m/fpv4-sp/hard/crtbegin.o
 .bss.m_async_mode
                0x2000241c        0x1 _build/nrf52832_xxaa/nrf_log_backend_uart.c.o
 *fill*         0x2000241d        0x3 
 .bss.m_string_buff
                0x20002420       0x40 _build/nrf52832_xxaa/nrf_log_backend_uart.c.o
 .bss.m_xfer_done
                0x20002460        0x1 _build/nrf52832_xxaa/nrf_log_backend_uart.c.o
 *fill*         0x20002461        0x3 
 .bss.m_log_data
                0x20002464      0x420 _build/nrf52832_xxaa/nrf_log_frontend.c.o
 .bss.mempool_nrf_balloc_cb
                0x20002884        0x8 _build/nrf52832_xxaa/nrf_log_frontend.c.o
 .bss.mempool_nrf_balloc_pool_mem
                0x2000288c       0xc0 _build/nrf52832_xxaa/nrf_log_frontend.c.o
 .bss.mempool_nrf_balloc_pool_stack
                0x2000294c        0x8 _build/nrf52832_xxaa/nrf_log_frontend.c.o
 .bss.m_button_count
                0x20002954        0x1 _build/nrf52832_xxaa/app_button.c.o
 *fill*         0x20002955        0x3 
 .bss.m_detection_delay_timer_id_data
                0x20002958       0x20 _build/nrf52832_xxaa/app_button.c.o
 .bss.mp_buttons
                0x20002978        0x4 _build/nrf52832_xxaa/app_button.c.o
 .bss.m_queue_end_index
                0x2000297c        0x1 _build/nrf52832_xxaa/app_scheduler.c.o
 *fill*         0x2000297d        0x3 
 .bss.m_queue_event_data
                0x20002980        0x4 _build/nrf52832_xxaa/app_scheduler.c.o
 .bss.m_queue_event_headers
                0x20002984        0x4 _build/nrf52832_xxaa/app_scheduler.c.o
 .bss.m_queue_event_size
                0x20002988        0x2 _build/nrf52832_xxaa/app_scheduler.c.o
 .bss.m_queue_size
                0x2000298a        0x2 _build/nrf52832_xxaa/app_scheduler.c.o
 .bss.m_queue_start_index
                0x2000298c        0x1 _build/nrf52832_xxaa/app_scheduler.c.o
 *fill*         0x2000298d        0x3 
 .bss.m_op_queue
                0x20002990      0x10c _build/nrf52832_xxaa/app_timer.c.o
 .bss.m_rtc1_reset
                0x20002a9c        0x1 _build/nrf52832_xxaa/app_timer.c.o
 .bss.m_rtc1_running
                0x20002a9d        0x1 _build/nrf52832_xxaa/app_timer.c.o
 *fill*         0x20002a9e        0x2 
 .bss.m_ticks_elapsed
                0x20002aa0        0x8 _build/nrf52832_xxaa/app_timer.c.o
 .bss.m_ticks_elapsed_q_read_ind
                0x20002aa8        0x1 _build/nrf52832_xxaa/app_timer.c.o
 .bss.m_ticks_elapsed_q_write_ind
                0x20002aa9        0x1 _build/nrf52832_xxaa/app_timer.c.o
 *fill*         0x20002aaa        0x2 
 .bss.m_ticks_latest
                0x20002aac        0x4 _build/nrf52832_xxaa/app_timer.c.o
 .bss.mp_timer_id_head
                0x20002ab0        0x4 _build/nrf52832_xxaa/app_timer.c.o
 .bss.m_cb      0x20002ab4       0x58 _build/nrf52832_xxaa/nrf_drv_gpiote.c.o
 .bss.m_cb      0x20002b0c       0x24 _build/nrf52832_xxaa/nrf_drv_spi.c.o
 .bss.m_cb      0x20002b30       0x20 _build/nrf52832_xxaa/nrf_drv_uart.c.o
 .bss.m_clock_cb
                0x20002b50       0x14 _build/nrf52832_xxaa/nrf_drv_clock.c.o
 .bss.APP_SCHED_BUF.11916
                0x20002b64       0xc8 _build/nrf52832_xxaa/main.c.o
 .bss.doritosX  0x20002c2c        0x4 _build/nrf52832_xxaa/main.c.o
                0x20002c2c                doritosX
 .bss.doritosY  0x20002c30        0x4 _build/nrf52832_xxaa/main.c.o
                0x20002c30                doritosY
 .bss.inc       0x20002c34        0x1 _build/nrf52832_xxaa/main.c.o
                0x20002c34                inc
 *fill*         0x20002c35        0x3 
 .bss.m_gatt    0x20002c38       0x14 _build/nrf52832_xxaa/main.c.o
 .bss.m_lbs     0x20002c4c       0x18 _build/nrf52832_xxaa/main.c.o
 .bss.m_led_a_timer_id_data
                0x20002c64       0x20 _build/nrf52832_xxaa/main.c.o
 .bss.rx_data   0x20002c84        0x1 _build/nrf52832_xxaa/main.c.o
 .bss.st7586_spi_xfer_done
                0x20002c85        0x1 _build/nrf52832_xxaa/main.c.o
 *fill*         0x20002c86        0x2 
 .bss.m_conn_params_config
                0x20002c88       0x1c _build/nrf52832_xxaa/ble_conn_params.c.o
 .bss.m_conn_params_instances
                0x20002ca4       0x14 _build/nrf52832_xxaa/ble_conn_params.c.o
 .bss.m_preferred_conn_params
                0x20002cb8        0x8 _build/nrf52832_xxaa/ble_conn_params.c.o
 .bss.m_bcs     0x20002cc0       0xb8 _build/nrf52832_xxaa/ble_conn_state.c.o
 .bss.m_nrf_sdh_continue
                0x20002d78        0x1 _build/nrf52832_xxaa/nrf_sdh.c.o
 .bss.m_nrf_sdh_enabled
                0x20002d79        0x1 _build/nrf52832_xxaa/nrf_sdh.c.o
 .bss.m_nrf_sdh_suspended
                0x20002d7a        0x1 _build/nrf52832_xxaa/nrf_sdh.c.o
 *(COMMON)
 *fill*         0x20002d7b        0x1 
 COMMON         0x20002d7c        0xc _build/nrf52832_xxaa/app_util_platform.c.o
                0x20002d7c                nrf_nvic_state
 COMMON         0x20002d88      0x640 _build/nrf52832_xxaa/main.c.o
                0x20002d88                s
                0x200033c8                . = ALIGN (0x4)
                0x200033c8                __bss_end__ = .

.heap           0x200033c8     0x2000
                0x200033c8                __HeapBase = .
                0x200033c8                __end__ = .
                [!provide]                PROVIDE (end, .)
 *(.heap*)
 .heap          0x200033c8     0x2000 _build/nrf52832_xxaa/gcc_startup_nrf52.S.o
                0x200053c8                __HeapLimit = .

.stack_dummy    0x200033c8     0x2000
 *(.stack*)
 .stack         0x200033c8     0x2000 _build/nrf52832_xxaa/gcc_startup_nrf52.S.o
                0x20010000                __StackTop = (ORIGIN (RAM) + LENGTH (RAM))
                0x2000e000                __StackLimit = (__StackTop - SIZEOF (.stack_dummy))
                0x20010000                PROVIDE (__stack, __StackTop)
                0x00000001                ASSERT ((__StackLimit >= __HeapLimit), region RAM overflowed with stack)
                0x00000280                DataInitFlashUsed = (__bss_start__ - __data_start__)
                0x00008c7c                CodeFlashUsed = (__etext - ORIGIN (FLASH))
                0x00008efc                TotalFlashUsed = (CodeFlashUsed + DataInitFlashUsed)
                0x00000001                ASSERT ((TotalFlashUsed <= LENGTH (FLASH)), region FLASH overflowed with .data and user data)
OUTPUT(_build/nrf52832_xxaa.out elf32-littlearm)

.ARM.attributes
                0x00000000       0x30
 .ARM.attributes
                0x00000000       0x22 c:/program files (x86)/gnu tools arm embedded/7 2017-q4-major/bin/../lib/gcc/arm-none-eabi/7.2.1/thumb/v7e-m/fpv4-sp/hard/crti.o
 .ARM.attributes
                0x00000022       0x34 c:/program files (x86)/gnu tools arm embedded/7 2017-q4-major/bin/../lib/gcc/arm-none-eabi/7.2.1/thumb/v7e-m/fpv4-sp/hard/crtbegin.o
 .ARM.attributes
                0x00000056       0x20 c:/program files (x86)/gnu tools arm embedded/7 2017-q4-major/bin/../lib/gcc/arm-none-eabi/7.2.1/../../../../arm-none-eabi/lib/thumb/v7e-m/fpv4-sp/hard/crt0.o
 .ARM.attributes
                0x00000076       0x39 _build/nrf52832_xxaa/nrf_log_backend_serial.c.o
 .ARM.attributes
                0x000000af       0x39 _build/nrf52832_xxaa/nrf_log_backend_uart.c.o
 .ARM.attributes
                0x000000e8       0x39 _build/nrf52832_xxaa/nrf_log_default_backends.c.o
 .ARM.attributes
                0x00000121       0x39 _build/nrf52832_xxaa/nrf_log_frontend.c.o
 .ARM.attributes
                0x0000015a       0x39 _build/nrf52832_xxaa/nrf_log_str_formatter.c.o
 .ARM.attributes
                0x00000193       0x39 _build/nrf52832_xxaa/boards.c.o
 .ARM.attributes
                0x000001cc       0x39 _build/nrf52832_xxaa/app_button.c.o
 .ARM.attributes
                0x00000205       0x39 _build/nrf52832_xxaa/app_error.c.o
 .ARM.attributes
                0x0000023e       0x39 _build/nrf52832_xxaa/app_error_weak.c.o
 .ARM.attributes
                0x00000277       0x39 _build/nrf52832_xxaa/app_scheduler.c.o
 .ARM.attributes
                0x000002b0       0x39 _build/nrf52832_xxaa/app_timer.c.o
 .ARM.attributes
                0x000002e9       0x39 _build/nrf52832_xxaa/app_util_platform.c.o
 .ARM.attributes
                0x00000322       0x39 _build/nrf52832_xxaa/nrf_balloc.c.o
 .ARM.attributes
                0x0000035b       0x39 _build/nrf52832_xxaa/nrf_fprintf.c.o
 .ARM.attributes
                0x00000394       0x39 _build/nrf52832_xxaa/nrf_fprintf_format.c.o
 .ARM.attributes
                0x000003cd       0x39 _build/nrf52832_xxaa/nrf_memobj.c.o
 .ARM.attributes
                0x00000406       0x39 _build/nrf52832_xxaa/nrf_strerror.c.o
 .ARM.attributes
                0x0000043f       0x39 _build/nrf52832_xxaa/nrf_drv_common.c.o
 .ARM.attributes
                0x00000478       0x39 _build/nrf52832_xxaa/nrf_drv_gpiote.c.o
 .ARM.attributes
                0x000004b1       0x39 _build/nrf52832_xxaa/nrf_drv_spi.c.o
 .ARM.attributes
                0x000004ea       0x39 _build/nrf52832_xxaa/nrf_drv_uart.c.o
 .ARM.attributes
                0x00000523       0x39 _build/nrf52832_xxaa/nrf_drv_clock.c.o
 .ARM.attributes
                0x0000055c       0x39 _build/nrf52832_xxaa/main.c.o
 .ARM.attributes
                0x00000595       0x20 _build/nrf52832_xxaa/gcc_startup_nrf52.S.o
 .ARM.attributes
                0x000005b5       0x39 _build/nrf52832_xxaa/system_nrf52.c.o
 .ARM.attributes
                0x000005ee       0x39 _build/nrf52832_xxaa/nrf_pwr_mgmt.c.o
 .ARM.attributes
                0x00000627       0x39 _build/nrf52832_xxaa/nrf_section_iter.c.o
 .ARM.attributes
                0x00000660       0x39 _build/nrf52832_xxaa/sdk_mapped_flags.c.o
 .ARM.attributes
                0x00000699       0x39 _build/nrf52832_xxaa/ble_advdata.c.o
 .ARM.attributes
                0x000006d2       0x39 _build/nrf52832_xxaa/ble_conn_params.c.o
 .ARM.attributes
                0x0000070b       0x39 _build/nrf52832_xxaa/ble_conn_state.c.o
 .ARM.attributes
                0x00000744       0x39 _build/nrf52832_xxaa/ble_srv_common.c.o
 .ARM.attributes
                0x0000077d       0x39 _build/nrf52832_xxaa/nrf_ble_gatt.c.o
 .ARM.attributes
                0x000007b6       0x39 _build/nrf52832_xxaa/ble_lbs.c.o
 .ARM.attributes
                0x000007ef       0x39 _build/nrf52832_xxaa/nrf_sdh.c.o
 .ARM.attributes
                0x00000828       0x39 _build/nrf52832_xxaa/nrf_sdh_ble.c.o
 .ARM.attributes
                0x00000861       0x39 _build/nrf52832_xxaa/nrf_sdh_soc.c.o
 .ARM.attributes
                0x0000089a       0x34 c:/program files (x86)/gnu tools arm embedded/7 2017-q4-major/bin/../lib/gcc/arm-none-eabi/7.2.1/../../../../arm-none-eabi/lib/thumb/v7e-m/fpv4-sp/hard\libc_nano.a(lib_a-exit.o)
 .ARM.attributes
                0x000008ce       0x34 c:/program files (x86)/gnu tools arm embedded/7 2017-q4-major/bin/../lib/gcc/arm-none-eabi/7.2.1/../../../../arm-none-eabi/lib/thumb/v7e-m/fpv4-sp/hard\libc_nano.a(lib_a-impure.o)
 .ARM.attributes
                0x00000902       0x34 c:/program files (x86)/gnu tools arm embedded/7 2017-q4-major/bin/../lib/gcc/arm-none-eabi/7.2.1/../../../../arm-none-eabi/lib/thumb/v7e-m/fpv4-sp/hard\libc_nano.a(lib_a-init.o)
 .ARM.attributes
                0x00000936       0x34 c:/program files (x86)/gnu tools arm embedded/7 2017-q4-major/bin/../lib/gcc/arm-none-eabi/7.2.1/../../../../arm-none-eabi/lib/thumb/v7e-m/fpv4-sp/hard\libc_nano.a(lib_a-locale.o)
 .ARM.attributes
                0x0000096a       0x34 c:/program files (x86)/gnu tools arm embedded/7 2017-q4-major/bin/../lib/gcc/arm-none-eabi/7.2.1/../../../../arm-none-eabi/lib/thumb/v7e-m/fpv4-sp/hard\libc_nano.a(lib_a-mbtowc_r.o)
 .ARM.attributes
                0x0000099e       0x34 c:/program files (x86)/gnu tools arm embedded/7 2017-q4-major/bin/../lib/gcc/arm-none-eabi/7.2.1/../../../../arm-none-eabi/lib/thumb/v7e-m/fpv4-sp/hard\libc_nano.a(lib_a-memcpy-stub.o)
 .ARM.attributes
                0x000009d2       0x34 c:/program files (x86)/gnu tools arm embedded/7 2017-q4-major/bin/../lib/gcc/arm-none-eabi/7.2.1/../../../../arm-none-eabi/lib/thumb/v7e-m/fpv4-sp/hard\libc_nano.a(lib_a-memset.o)
 .ARM.attributes
                0x00000a06       0x1b c:/program files (x86)/gnu tools arm embedded/7 2017-q4-major/bin/../lib/gcc/arm-none-eabi/7.2.1/../../../../arm-none-eabi/lib/thumb/v7e-m/fpv4-sp/hard\libc_nano.a(lib_a-strlen.o)
 .ARM.attributes
                0x00000a21       0x34 c:/program files (x86)/gnu tools arm embedded/7 2017-q4-major/bin/../lib/gcc/arm-none-eabi/7.2.1/../../../../arm-none-eabi/lib/thumb/v7e-m/fpv4-sp/hard\libc_nano.a(lib_a-wctomb_r.o)
 .ARM.attributes
                0x00000a55       0x34 c:/program files (x86)/gnu tools arm embedded/7 2017-q4-major/bin/../lib/gcc/arm-none-eabi/7.2.1/../../../../arm-none-eabi/lib/thumb/v7e-m/fpv4-sp/hard\libc_nano.a(lib_a-ctype_.o)
 .ARM.attributes
                0x00000a89       0x34 c:/program files (x86)/gnu tools arm embedded/7 2017-q4-major/bin/../lib/gcc/arm-none-eabi/7.2.1/../../../../arm-none-eabi/lib/thumb/v7e-m/fpv4-sp/hard\libnosys.a(_exit.o)
 .ARM.attributes
                0x00000abd       0x34 c:/program files (x86)/gnu tools arm embedded/7 2017-q4-major/bin/../lib/gcc/arm-none-eabi/7.2.1/thumb/v7e-m/fpv4-sp/hard/crtend.o
 .ARM.attributes
                0x00000af1       0x22 c:/program files (x86)/gnu tools arm embedded/7 2017-q4-major/bin/../lib/gcc/arm-none-eabi/7.2.1/thumb/v7e-m/fpv4-sp/hard/crtn.o

.comment        0x00000000       0x7e
 .comment       0x00000000       0x7e _build/nrf52832_xxaa/nrf_log_backend_serial.c.o
                                 0x7f (size before relaxing)
 .comment       0x0000007e       0x7f _build/nrf52832_xxaa/nrf_log_backend_uart.c.o
 .comment       0x0000007e       0x7f _build/nrf52832_xxaa/nrf_log_default_backends.c.o
 .comment       0x0000007e       0x7f _build/nrf52832_xxaa/nrf_log_frontend.c.o
 .comment       0x0000007e       0x7f _build/nrf52832_xxaa/nrf_log_str_formatter.c.o
 .comment       0x0000007e       0x7f _build/nrf52832_xxaa/boards.c.o
 .comment       0x0000007e       0x7f _build/nrf52832_xxaa/app_button.c.o
 .comment       0x0000007e       0x7f _build/nrf52832_xxaa/app_error.c.o
 .comment       0x0000007e       0x7f _build/nrf52832_xxaa/app_error_weak.c.o
 .comment       0x0000007e       0x7f _build/nrf52832_xxaa/app_scheduler.c.o
 .comment       0x0000007e       0x7f _build/nrf52832_xxaa/app_timer.c.o
 .comment       0x0000007e       0x7f _build/nrf52832_xxaa/app_util_platform.c.o
 .comment       0x0000007e       0x7f _build/nrf52832_xxaa/nrf_balloc.c.o
 .comment       0x0000007e       0x7f _build/nrf52832_xxaa/nrf_fprintf.c.o
 .comment       0x0000007e       0x7f _build/nrf52832_xxaa/nrf_fprintf_format.c.o
 .comment       0x0000007e       0x7f _build/nrf52832_xxaa/nrf_memobj.c.o
 .comment       0x0000007e       0x7f _build/nrf52832_xxaa/nrf_strerror.c.o
 .comment       0x0000007e       0x7f _build/nrf52832_xxaa/nrf_drv_common.c.o
 .comment       0x0000007e       0x7f _build/nrf52832_xxaa/nrf_drv_gpiote.c.o
 .comment       0x0000007e       0x7f _build/nrf52832_xxaa/nrf_drv_spi.c.o
 .comment       0x0000007e       0x7f _build/nrf52832_xxaa/nrf_drv_uart.c.o
 .comment       0x0000007e       0x7f _build/nrf52832_xxaa/nrf_drv_clock.c.o
 .comment       0x0000007e       0x7f _build/nrf52832_xxaa/main.c.o
 .comment       0x0000007e       0x7f _build/nrf52832_xxaa/system_nrf52.c.o
 .comment       0x0000007e       0x7f _build/nrf52832_xxaa/nrf_pwr_mgmt.c.o
 .comment       0x0000007e       0x7f _build/nrf52832_xxaa/nrf_section_iter.c.o
 .comment       0x0000007e       0x7f _build/nrf52832_xxaa/sdk_mapped_flags.c.o
 .comment       0x0000007e       0x7f _build/nrf52832_xxaa/ble_advdata.c.o
 .comment       0x0000007e       0x7f _build/nrf52832_xxaa/ble_conn_params.c.o
 .comment       0x0000007e       0x7f _build/nrf52832_xxaa/ble_conn_state.c.o
 .comment       0x0000007e       0x7f _build/nrf52832_xxaa/ble_srv_common.c.o
 .comment       0x0000007e       0x7f _build/nrf52832_xxaa/nrf_ble_gatt.c.o
 .comment       0x0000007e       0x7f _build/nrf52832_xxaa/ble_lbs.c.o
 .comment       0x0000007e       0x7f _build/nrf52832_xxaa/nrf_sdh.c.o
 .comment       0x0000007e       0x7f _build/nrf52832_xxaa/nrf_sdh_ble.c.o
 .comment       0x0000007e       0x7f _build/nrf52832_xxaa/nrf_sdh_soc.c.o

.debug_info     0x00000000    0x43240
 .debug_info    0x00000000     0x1057 _build/nrf52832_xxaa/nrf_log_backend_serial.c.o
 .debug_info    0x00001057     0x17ad _build/nrf52832_xxaa/nrf_log_backend_uart.c.o
 .debug_info    0x00002804      0xba1 _build/nrf52832_xxaa/nrf_log_default_backends.c.o
 .debug_info    0x000033a5     0x3cb8 _build/nrf52832_xxaa/nrf_log_frontend.c.o
 .debug_info    0x0000705d     0x106c _build/nrf52832_xxaa/nrf_log_str_formatter.c.o
 .debug_info    0x000080c9     0x1405 _build/nrf52832_xxaa/boards.c.o
 .debug_info    0x000094ce      0xe40 _build/nrf52832_xxaa/app_button.c.o
 .debug_info    0x0000a30e      0xb58 _build/nrf52832_xxaa/app_error.c.o
 .debug_info    0x0000ae66      0xcb6 _build/nrf52832_xxaa/app_error_weak.c.o
 .debug_info    0x0000bb1c      0xd38 _build/nrf52832_xxaa/app_scheduler.c.o
 .debug_info    0x0000c854     0x2371 _build/nrf52832_xxaa/app_timer.c.o
 .debug_info    0x0000ebc5     0x1199 _build/nrf52832_xxaa/app_util_platform.c.o
 .debug_info    0x0000fd5e      0xcce _build/nrf52832_xxaa/nrf_balloc.c.o
 .debug_info    0x00010a2c      0xa92 _build/nrf52832_xxaa/nrf_fprintf.c.o
 .debug_info    0x000114be     0x11df _build/nrf52832_xxaa/nrf_fprintf_format.c.o
 .debug_info    0x0001269d     0x1279 _build/nrf52832_xxaa/nrf_memobj.c.o
 .debug_info    0x00013916      0xa8c _build/nrf52832_xxaa/nrf_strerror.c.o
 .debug_info    0x000143a2      0xece _build/nrf52832_xxaa/nrf_drv_common.c.o
 .debug_info    0x00015270     0x30bd _build/nrf52832_xxaa/nrf_drv_gpiote.c.o
 .debug_info    0x0001832d     0x2c36 _build/nrf52832_xxaa/nrf_drv_spi.c.o
 .debug_info    0x0001af63     0x4c66 _build/nrf52832_xxaa/nrf_drv_uart.c.o
 .debug_info    0x0001fbc9     0x21bc _build/nrf52832_xxaa/nrf_drv_clock.c.o
 .debug_info    0x00021d85     0x973b _build/nrf52832_xxaa/main.c.o
 .debug_info    0x0002b4c0       0x26 _build/nrf52832_xxaa/gcc_startup_nrf52.S.o
 .debug_info    0x0002b4e6     0x10fe _build/nrf52832_xxaa/system_nrf52.c.o
 .debug_info    0x0002c5e4     0x1ae7 _build/nrf52832_xxaa/nrf_pwr_mgmt.c.o
 .debug_info    0x0002e0cb      0xa0b _build/nrf52832_xxaa/nrf_section_iter.c.o
 .debug_info    0x0002ead6      0x623 _build/nrf52832_xxaa/sdk_mapped_flags.c.o
 .debug_info    0x0002f0f9     0x239e _build/nrf52832_xxaa/ble_advdata.c.o
 .debug_info    0x00031497     0x2e4a _build/nrf52832_xxaa/ble_conn_params.c.o
 .debug_info    0x000342e1     0x29b0 _build/nrf52832_xxaa/ble_conn_state.c.o
 .debug_info    0x00036c91     0x150a _build/nrf52832_xxaa/ble_srv_common.c.o
 .debug_info    0x0003819b     0x2cad _build/nrf52832_xxaa/nrf_ble_gatt.c.o
 .debug_info    0x0003ae48     0x2841 _build/nrf52832_xxaa/ble_lbs.c.o
 .debug_info    0x0003d689     0x2028 _build/nrf52832_xxaa/nrf_sdh.c.o
 .debug_info    0x0003f6b1     0x2dbd _build/nrf52832_xxaa/nrf_sdh_ble.c.o
 .debug_info    0x0004246e      0xdd2 _build/nrf52832_xxaa/nrf_sdh_soc.c.o

.debug_abbrev   0x00000000     0x802d
 .debug_abbrev  0x00000000      0x27f _build/nrf52832_xxaa/nrf_log_backend_serial.c.o
 .debug_abbrev  0x0000027f      0x353 _build/nrf52832_xxaa/nrf_log_backend_uart.c.o
 .debug_abbrev  0x000005d2      0x256 _build/nrf52832_xxaa/nrf_log_default_backends.c.o
 .debug_abbrev  0x00000828      0x560 _build/nrf52832_xxaa/nrf_log_frontend.c.o
 .debug_abbrev  0x00000d88      0x29d _build/nrf52832_xxaa/nrf_log_str_formatter.c.o
 .debug_abbrev  0x00001025      0x384 _build/nrf52832_xxaa/boards.c.o
 .debug_abbrev  0x000013a9      0x2b5 _build/nrf52832_xxaa/app_button.c.o
 .debug_abbrev  0x0000165e      0x235 _build/nrf52832_xxaa/app_error.c.o
 .debug_abbrev  0x00001893      0x260 _build/nrf52832_xxaa/app_error_weak.c.o
 .debug_abbrev  0x00001af3      0x345 _build/nrf52832_xxaa/app_scheduler.c.o
 .debug_abbrev  0x00001e38      0x479 _build/nrf52832_xxaa/app_timer.c.o
 .debug_abbrev  0x000022b1      0x381 _build/nrf52832_xxaa/app_util_platform.c.o
 .debug_abbrev  0x00002632      0x2f9 _build/nrf52832_xxaa/nrf_balloc.c.o
 .debug_abbrev  0x0000292b      0x239 _build/nrf52832_xxaa/nrf_fprintf.c.o
 .debug_abbrev  0x00002b64      0x352 _build/nrf52832_xxaa/nrf_fprintf_format.c.o
 .debug_abbrev  0x00002eb6      0x397 _build/nrf52832_xxaa/nrf_memobj.c.o
 .debug_abbrev  0x0000324d      0x248 _build/nrf52832_xxaa/nrf_strerror.c.o
 .debug_abbrev  0x00003495      0x287 _build/nrf52832_xxaa/nrf_drv_common.c.o
 .debug_abbrev  0x0000371c      0x529 _build/nrf52832_xxaa/nrf_drv_gpiote.c.o
 .debug_abbrev  0x00003c45      0x4a8 _build/nrf52832_xxaa/nrf_drv_spi.c.o
 .debug_abbrev  0x000040ed      0x47b _build/nrf52832_xxaa/nrf_drv_uart.c.o
 .debug_abbrev  0x00004568      0x58d _build/nrf52832_xxaa/nrf_drv_clock.c.o
 .debug_abbrev  0x00004af5      0x6a6 _build/nrf52832_xxaa/main.c.o
 .debug_abbrev  0x0000519b       0x14 _build/nrf52832_xxaa/gcc_startup_nrf52.S.o
 .debug_abbrev  0x000051af      0x1e2 _build/nrf52832_xxaa/system_nrf52.c.o
 .debug_abbrev  0x00005391      0x475 _build/nrf52832_xxaa/nrf_pwr_mgmt.c.o
 .debug_abbrev  0x00005806      0x1da _build/nrf52832_xxaa/nrf_section_iter.c.o
 .debug_abbrev  0x000059e0      0x237 _build/nrf52832_xxaa/sdk_mapped_flags.c.o
 .debug_abbrev  0x00005c17      0x3f1 _build/nrf52832_xxaa/ble_advdata.c.o
 .debug_abbrev  0x00006008      0x4fb _build/nrf52832_xxaa/ble_conn_params.c.o
 .debug_abbrev  0x00006503      0x447 _build/nrf52832_xxaa/ble_conn_state.c.o
 .debug_abbrev  0x0000694a      0x34f _build/nrf52832_xxaa/ble_srv_common.c.o
 .debug_abbrev  0x00006c99      0x433 _build/nrf52832_xxaa/nrf_ble_gatt.c.o
 .debug_abbrev  0x000070cc      0x38d _build/nrf52832_xxaa/ble_lbs.c.o
 .debug_abbrev  0x00007459      0x508 _build/nrf52832_xxaa/nrf_sdh.c.o
 .debug_abbrev  0x00007961      0x40a _build/nrf52832_xxaa/nrf_sdh_ble.c.o
 .debug_abbrev  0x00007d6b      0x2c2 _build/nrf52832_xxaa/nrf_sdh_soc.c.o

.debug_loc      0x00000000    0x16045
 .debug_loc     0x00000000      0x160 _build/nrf52832_xxaa/nrf_log_backend_serial.c.o
 .debug_loc     0x00000160      0x153 _build/nrf52832_xxaa/nrf_log_backend_uart.c.o
 .debug_loc     0x000002b3       0x15 _build/nrf52832_xxaa/nrf_log_default_backends.c.o
 .debug_loc     0x000002c8     0x31dc _build/nrf52832_xxaa/nrf_log_frontend.c.o
 .debug_loc     0x000034a4      0x544 _build/nrf52832_xxaa/nrf_log_str_formatter.c.o
 .debug_loc     0x000039e8      0x845 _build/nrf52832_xxaa/boards.c.o
 .debug_loc     0x0000422d      0x3c1 _build/nrf52832_xxaa/app_button.c.o
 .debug_loc     0x000045ee      0x145 _build/nrf52832_xxaa/app_error.c.o
 .debug_loc     0x00004733       0x63 _build/nrf52832_xxaa/app_error_weak.c.o
 .debug_loc     0x00004796      0x25a _build/nrf52832_xxaa/app_scheduler.c.o
 .debug_loc     0x000049f0      0xdd8 _build/nrf52832_xxaa/app_timer.c.o
 .debug_loc     0x000057c8      0x112 _build/nrf52832_xxaa/app_util_platform.c.o
 .debug_loc     0x000058da      0x169 _build/nrf52832_xxaa/nrf_balloc.c.o
 .debug_loc     0x00005a43       0x4a _build/nrf52832_xxaa/nrf_fprintf.c.o
 .debug_loc     0x00005a8d      0xf2c _build/nrf52832_xxaa/nrf_fprintf_format.c.o
 .debug_loc     0x000069b9      0xa3b _build/nrf52832_xxaa/nrf_memobj.c.o
 .debug_loc     0x000073f4      0x2db _build/nrf52832_xxaa/nrf_strerror.c.o
 .debug_loc     0x000076cf       0xd7 _build/nrf52832_xxaa/nrf_drv_common.c.o
 .debug_loc     0x000077a6     0x24ec _build/nrf52832_xxaa/nrf_drv_gpiote.c.o
 .debug_loc     0x00009c92     0x10cd _build/nrf52832_xxaa/nrf_drv_spi.c.o
 .debug_loc     0x0000ad5f     0x2889 _build/nrf52832_xxaa/nrf_drv_uart.c.o
 .debug_loc     0x0000d5e8      0x5d0 _build/nrf52832_xxaa/nrf_drv_clock.c.o
 .debug_loc     0x0000dbb8     0x38be _build/nrf52832_xxaa/main.c.o
 .debug_loc     0x00011476       0xf4 _build/nrf52832_xxaa/nrf_pwr_mgmt.c.o
 .debug_loc     0x0001156a      0x512 _build/nrf52832_xxaa/sdk_mapped_flags.c.o
 .debug_loc     0x00011a7c     0x1ad5 _build/nrf52832_xxaa/ble_advdata.c.o
 .debug_loc     0x00013551      0xb45 _build/nrf52832_xxaa/ble_conn_params.c.o
 .debug_loc     0x00014096      0x4ab _build/nrf52832_xxaa/ble_conn_state.c.o
 .debug_loc     0x00014541      0x545 _build/nrf52832_xxaa/ble_srv_common.c.o
 .debug_loc     0x00014a86      0xb45 _build/nrf52832_xxaa/nrf_ble_gatt.c.o
 .debug_loc     0x000155cb      0x2dc _build/nrf52832_xxaa/ble_lbs.c.o
 .debug_loc     0x000158a7      0x47d _build/nrf52832_xxaa/nrf_sdh.c.o
 .debug_loc     0x00015d24      0x2ad _build/nrf52832_xxaa/nrf_sdh_ble.c.o
 .debug_loc     0x00015fd1       0x74 _build/nrf52832_xxaa/nrf_sdh_soc.c.o

.debug_aranges  0x00000000      0xc38
 .debug_aranges
                0x00000000       0x20 _build/nrf52832_xxaa/nrf_log_backend_serial.c.o
 .debug_aranges
                0x00000020       0x48 _build/nrf52832_xxaa/nrf_log_backend_uart.c.o
 .debug_aranges
                0x00000068       0x20 _build/nrf52832_xxaa/nrf_log_default_backends.c.o
 .debug_aranges
                0x00000088       0xc0 _build/nrf52832_xxaa/nrf_log_frontend.c.o
 .debug_aranges
                0x00000148       0x28 _build/nrf52832_xxaa/nrf_log_str_formatter.c.o
 .debug_aranges
                0x00000170       0x80 _build/nrf52832_xxaa/boards.c.o
 .debug_aranges
                0x000001f0       0x48 _build/nrf52832_xxaa/app_button.c.o
 .debug_aranges
                0x00000238       0x30 _build/nrf52832_xxaa/app_error.c.o
 .debug_aranges
                0x00000268       0x20 _build/nrf52832_xxaa/app_error_weak.c.o
 .debug_aranges
                0x00000288       0x38 _build/nrf52832_xxaa/app_scheduler.c.o
 .debug_aranges
                0x000002c0       0x70 _build/nrf52832_xxaa/app_timer.c.o
 .debug_aranges
                0x00000330       0x48 _build/nrf52832_xxaa/app_util_platform.c.o
 .debug_aranges
                0x00000378       0x30 _build/nrf52832_xxaa/nrf_balloc.c.o
 .debug_aranges
                0x000003a8       0x28 _build/nrf52832_xxaa/nrf_fprintf.c.o
 .debug_aranges
                0x000003d0       0x28 _build/nrf52832_xxaa/nrf_fprintf_format.c.o
 .debug_aranges
                0x000003f8       0x50 _build/nrf52832_xxaa/nrf_memobj.c.o
 .debug_aranges
                0x00000448       0x28 _build/nrf52832_xxaa/nrf_strerror.c.o
 .debug_aranges
                0x00000470       0x28 _build/nrf52832_xxaa/nrf_drv_common.c.o
 .debug_aranges
                0x00000498       0xd8 _build/nrf52832_xxaa/nrf_drv_gpiote.c.o
 .debug_aranges
                0x00000570       0x58 _build/nrf52832_xxaa/nrf_drv_spi.c.o
 .debug_aranges
                0x000005c8       0x78 _build/nrf52832_xxaa/nrf_drv_uart.c.o
 .debug_aranges
                0x00000640       0xa8 _build/nrf52832_xxaa/nrf_drv_clock.c.o
 .debug_aranges
                0x000006e8       0xf0 _build/nrf52832_xxaa/main.c.o
 .debug_aranges
                0x000007d8       0x20 _build/nrf52832_xxaa/gcc_startup_nrf52.S.o
 .debug_aranges
                0x000007f8       0x28 _build/nrf52832_xxaa/system_nrf52.c.o
 .debug_aranges
                0x00000820       0x48 _build/nrf52832_xxaa/nrf_pwr_mgmt.c.o
 .debug_aranges
                0x00000868       0x28 _build/nrf52832_xxaa/nrf_section_iter.c.o
 .debug_aranges
                0x00000890       0x50 _build/nrf52832_xxaa/sdk_mapped_flags.c.o
 .debug_aranges
                0x000008e0       0x58 _build/nrf52832_xxaa/ble_advdata.c.o
 .debug_aranges
                0x00000938       0x60 _build/nrf52832_xxaa/ble_conn_params.c.o
 .debug_aranges
                0x00000998       0xa8 _build/nrf52832_xxaa/ble_conn_state.c.o
 .debug_aranges
                0x00000a40       0x58 _build/nrf52832_xxaa/ble_srv_common.c.o
 .debug_aranges
                0x00000a98       0x68 _build/nrf52832_xxaa/nrf_ble_gatt.c.o
 .debug_aranges
                0x00000b00       0x50 _build/nrf52832_xxaa/ble_lbs.c.o
 .debug_aranges
                0x00000b50       0x70 _build/nrf52832_xxaa/nrf_sdh.c.o
 .debug_aranges
                0x00000bc0       0x50 _build/nrf52832_xxaa/nrf_sdh_ble.c.o
 .debug_aranges
                0x00000c10       0x28 _build/nrf52832_xxaa/nrf_sdh_soc.c.o

.debug_ranges   0x00000000     0x4f88
 .debug_ranges  0x00000000       0x28 _build/nrf52832_xxaa/nrf_log_backend_serial.c.o
 .debug_ranges  0x00000028       0x80 _build/nrf52832_xxaa/nrf_log_backend_uart.c.o
 .debug_ranges  0x000000a8       0x10 _build/nrf52832_xxaa/nrf_log_default_backends.c.o
 .debug_ranges  0x000000b8      0x8d8 _build/nrf52832_xxaa/nrf_log_frontend.c.o
 .debug_ranges  0x00000990       0xe8 _build/nrf52832_xxaa/nrf_log_str_formatter.c.o
 .debug_ranges  0x00000a78      0x178 _build/nrf52832_xxaa/boards.c.o
 .debug_ranges  0x00000bf0       0x98 _build/nrf52832_xxaa/app_button.c.o
 .debug_ranges  0x00000c88       0x20 _build/nrf52832_xxaa/app_error.c.o
 .debug_ranges  0x00000ca8       0x10 _build/nrf52832_xxaa/app_error_weak.c.o
 .debug_ranges  0x00000cb8       0xe0 _build/nrf52832_xxaa/app_scheduler.c.o
 .debug_ranges  0x00000d98      0x570 _build/nrf52832_xxaa/app_timer.c.o
 .debug_ranges  0x00001308       0x80 _build/nrf52832_xxaa/app_util_platform.c.o
 .debug_ranges  0x00001388       0x78 _build/nrf52832_xxaa/nrf_balloc.c.o
 .debug_ranges  0x00001400       0x18 _build/nrf52832_xxaa/nrf_fprintf.c.o
 .debug_ranges  0x00001418      0x1e8 _build/nrf52832_xxaa/nrf_fprintf_format.c.o
 .debug_ranges  0x00001600       0xa8 _build/nrf52832_xxaa/nrf_memobj.c.o
 .debug_ranges  0x000016a8       0x80 _build/nrf52832_xxaa/nrf_strerror.c.o
 .debug_ranges  0x00001728       0x38 _build/nrf52832_xxaa/nrf_drv_common.c.o
 .debug_ranges  0x00001760      0xa60 _build/nrf52832_xxaa/nrf_drv_gpiote.c.o
 .debug_ranges  0x000021c0      0x378 _build/nrf52832_xxaa/nrf_drv_spi.c.o
 .debug_ranges  0x00002538      0x800 _build/nrf52832_xxaa/nrf_drv_uart.c.o
 .debug_ranges  0x00002d38      0x3b8 _build/nrf52832_xxaa/nrf_drv_clock.c.o
 .debug_ranges  0x000030f0      0xff8 _build/nrf52832_xxaa/main.c.o
 .debug_ranges  0x000040e8      0x150 _build/nrf52832_xxaa/system_nrf52.c.o
 .debug_ranges  0x00004238       0x80 _build/nrf52832_xxaa/nrf_pwr_mgmt.c.o
 .debug_ranges  0x000042b8       0x18 _build/nrf52832_xxaa/nrf_section_iter.c.o
 .debug_ranges  0x000042d0      0x148 _build/nrf52832_xxaa/sdk_mapped_flags.c.o
 .debug_ranges  0x00004418      0x328 _build/nrf52832_xxaa/ble_advdata.c.o
 .debug_ranges  0x00004740      0x228 _build/nrf52832_xxaa/ble_conn_params.c.o
 .debug_ranges  0x00004968       0xe8 _build/nrf52832_xxaa/ble_conn_state.c.o
 .debug_ranges  0x00004a50      0x120 _build/nrf52832_xxaa/ble_srv_common.c.o
 .debug_ranges  0x00004b70       0xc8 _build/nrf52832_xxaa/nrf_ble_gatt.c.o
 .debug_ranges  0x00004c38       0x60 _build/nrf52832_xxaa/ble_lbs.c.o
 .debug_ranges  0x00004c98      0x228 _build/nrf52832_xxaa/nrf_sdh.c.o
 .debug_ranges  0x00004ec0       0x98 _build/nrf52832_xxaa/nrf_sdh_ble.c.o
 .debug_ranges  0x00004f58       0x30 _build/nrf52832_xxaa/nrf_sdh_soc.c.o

.debug_macro    0x00000000     0xa6c8
 .debug_macro   0x00000000      0x366 _build/nrf52832_xxaa/nrf_log_backend_serial.c.o
 .debug_macro   0x00000366       0x16 _build/nrf52832_xxaa/nrf_log_backend_serial.c.o
 .debug_macro   0x0000037c       0x22 _build/nrf52832_xxaa/nrf_log_backend_serial.c.o
 .debug_macro   0x0000039e       0x16 _build/nrf52832_xxaa/nrf_log_backend_serial.c.o
 .debug_macro   0x000003b4       0x40 _build/nrf52832_xxaa/nrf_log_backend_serial.c.o
 .debug_macro   0x000003f4       0x70 _build/nrf52832_xxaa/nrf_log_backend_serial.c.o
 .debug_macro   0x00000464       0x2e _build/nrf52832_xxaa/nrf_log_backend_serial.c.o
 .debug_macro   0x00000492       0x1c _build/nrf52832_xxaa/nrf_log_backend_serial.c.o
 .debug_macro   0x000004ae       0x10 _build/nrf52832_xxaa/nrf_log_backend_serial.c.o
 .debug_macro   0x000004be       0x10 _build/nrf52832_xxaa/nrf_log_backend_serial.c.o
 .debug_macro   0x000004ce       0xb6 _build/nrf52832_xxaa/nrf_log_backend_serial.c.o
 .debug_macro   0x00000584       0x16 _build/nrf52832_xxaa/nrf_log_backend_serial.c.o
 .debug_macro   0x0000059a      0x129 _build/nrf52832_xxaa/nrf_log_backend_serial.c.o
 .debug_macro   0x000006c3       0x2b _build/nrf52832_xxaa/nrf_log_backend_serial.c.o
 .debug_macro   0x000006ee       0x10 _build/nrf52832_xxaa/nrf_log_backend_serial.c.o
 .debug_macro   0x000006fe       0x7e _build/nrf52832_xxaa/nrf_log_backend_serial.c.o
 .debug_macro   0x0000077c       0x8c _build/nrf52832_xxaa/nrf_log_backend_serial.c.o
 .debug_macro   0x00000808       0x10 _build/nrf52832_xxaa/nrf_log_backend_serial.c.o
 .debug_macro   0x00000818       0x22 _build/nrf52832_xxaa/nrf_log_backend_serial.c.o
 .debug_macro   0x0000083a       0x1c _build/nrf52832_xxaa/nrf_log_backend_serial.c.o
 .debug_macro   0x00000856      0x16d _build/nrf52832_xxaa/nrf_log_backend_serial.c.o
 .debug_macro   0x000009c3      0x3a5 _build/nrf52832_xxaa/nrf_log_backend_uart.c.o
 .debug_macro   0x00000d68      0x372 _build/nrf52832_xxaa/nrf_log_backend_uart.c.o
 .debug_macro   0x000010da       0x10 _build/nrf52832_xxaa/nrf_log_backend_uart.c.o
 .debug_macro   0x000010ea       0x43 _build/nrf52832_xxaa/nrf_log_backend_uart.c.o
 .debug_macro   0x0000112d      0x357 _build/nrf52832_xxaa/nrf_log_default_backends.c.o
 .debug_macro   0x00001484       0x10 _build/nrf52832_xxaa/nrf_log_default_backends.c.o
 .debug_macro   0x00001494      0x3b1 _build/nrf52832_xxaa/nrf_log_frontend.c.o
 .debug_macro   0x00001845       0x31 _build/nrf52832_xxaa/nrf_log_frontend.c.o
 .debug_macro   0x00001876       0x10 _build/nrf52832_xxaa/nrf_log_frontend.c.o
 .debug_macro   0x00001886       0x76 _build/nrf52832_xxaa/nrf_log_frontend.c.o
 .debug_macro   0x000018fc       0x92 _build/nrf52832_xxaa/nrf_log_frontend.c.o
 .debug_macro   0x0000198e       0x16 _build/nrf52832_xxaa/nrf_log_frontend.c.o
 .debug_macro   0x000019a4       0x3b _build/nrf52832_xxaa/nrf_log_frontend.c.o
 .debug_macro   0x000019df      0x3a2 _build/nrf52832_xxaa/nrf_log_str_formatter.c.o
 .debug_macro   0x00001d81       0x9c _build/nrf52832_xxaa/nrf_log_str_formatter.c.o
 .debug_macro   0x00001e1d      0x29c _build/nrf52832_xxaa/boards.c.o
 .debug_macro   0x000020b9       0x35 _build/nrf52832_xxaa/boards.c.o
 .debug_macro   0x000020ee       0x22 _build/nrf52832_xxaa/boards.c.o
 .debug_macro   0x00002110       0x16 _build/nrf52832_xxaa/boards.c.o
 .debug_macro   0x00002126       0x97 _build/nrf52832_xxaa/boards.c.o
 .debug_macro   0x000021bd       0xf6 _build/nrf52832_xxaa/boards.c.o
 .debug_macro   0x000022b3       0x16 _build/nrf52832_xxaa/boards.c.o
 .debug_macro   0x000022c9      0x261 _build/nrf52832_xxaa/boards.c.o
 .debug_macro   0x0000252a      0x115 _build/nrf52832_xxaa/boards.c.o
 .debug_macro   0x0000263f      0x318 _build/nrf52832_xxaa/app_button.c.o
 .debug_macro   0x00002957       0x1c _build/nrf52832_xxaa/app_button.c.o
 .debug_macro   0x00002973       0x28 _build/nrf52832_xxaa/app_button.c.o
 .debug_macro   0x0000299b       0x1f _build/nrf52832_xxaa/app_button.c.o
 .debug_macro   0x000029ba       0x30 _build/nrf52832_xxaa/app_button.c.o
 .debug_macro   0x000029ea      0x228 _build/nrf52832_xxaa/app_error.c.o
 .debug_macro   0x00002c12      0x387 _build/nrf52832_xxaa/app_error_weak.c.o
 .debug_macro   0x00002f99       0x16 _build/nrf52832_xxaa/app_error_weak.c.o
 .debug_macro   0x00002faf      0x167 _build/nrf52832_xxaa/app_error_weak.c.o
 .debug_macro   0x00003116       0x16 _build/nrf52832_xxaa/app_error_weak.c.o
 .debug_macro   0x0000312c       0x1c _build/nrf52832_xxaa/app_error_weak.c.o
 .debug_macro   0x00003148      0x10d _build/nrf52832_xxaa/app_error_weak.c.o
 .debug_macro   0x00003255      0x310 _build/nrf52832_xxaa/app_scheduler.c.o
 .debug_macro   0x00003565       0x16 _build/nrf52832_xxaa/app_scheduler.c.o
 .debug_macro   0x0000357b      0x344 _build/nrf52832_xxaa/app_timer.c.o
 .debug_macro   0x000038bf       0x16 _build/nrf52832_xxaa/app_timer.c.o
 .debug_macro   0x000038d5      0x278 _build/nrf52832_xxaa/app_util_platform.c.o
 .debug_macro   0x00003b4d      0x33a _build/nrf52832_xxaa/nrf_balloc.c.o
 .debug_macro   0x00003e87      0x167 _build/nrf52832_xxaa/nrf_balloc.c.o
 .debug_macro   0x00003fee      0x299 _build/nrf52832_xxaa/nrf_fprintf.c.o
 .debug_macro   0x00004287       0x58 _build/nrf52832_xxaa/nrf_fprintf.c.o
 .debug_macro   0x000042df      0x2ab _build/nrf52832_xxaa/nrf_fprintf_format.c.o
 .debug_macro   0x0000458a      0x325 _build/nrf52832_xxaa/nrf_memobj.c.o
 .debug_macro   0x000048af      0x10e _build/nrf52832_xxaa/nrf_memobj.c.o
 .debug_macro   0x000049bd       0x86 _build/nrf52832_xxaa/nrf_memobj.c.o
 .debug_macro   0x00004a43       0x10 _build/nrf52832_xxaa/nrf_memobj.c.o
 .debug_macro   0x00004a53      0x209 _build/nrf52832_xxaa/nrf_strerror.c.o
 .debug_macro   0x00004c5c      0x2ec _build/nrf52832_xxaa/nrf_drv_common.c.o
 .debug_macro   0x00004f48       0x22 _build/nrf52832_xxaa/nrf_drv_common.c.o
 .debug_macro   0x00004f6a      0x3d4 _build/nrf52832_xxaa/nrf_drv_gpiote.c.o
 .debug_macro   0x0000533e       0x28 _build/nrf52832_xxaa/nrf_drv_gpiote.c.o
 .debug_macro   0x00005366       0x16 _build/nrf52832_xxaa/nrf_drv_gpiote.c.o
 .debug_macro   0x0000537c      0x161 _build/nrf52832_xxaa/nrf_drv_gpiote.c.o
 .debug_macro   0x000054dd      0x410 _build/nrf52832_xxaa/nrf_drv_spi.c.o
 .debug_macro   0x000058ed       0x22 _build/nrf52832_xxaa/nrf_drv_spi.c.o
 .debug_macro   0x0000590f       0x9e _build/nrf52832_xxaa/nrf_drv_spi.c.o
 .debug_macro   0x000059ad       0x37 _build/nrf52832_xxaa/nrf_drv_spi.c.o
 .debug_macro   0x000059e4      0x3cb _build/nrf52832_xxaa/nrf_drv_uart.c.o
 .debug_macro   0x00005daf      0x399 _build/nrf52832_xxaa/nrf_drv_clock.c.o
 .debug_macro   0x00006148       0x10 _build/nrf52832_xxaa/nrf_drv_clock.c.o
 .debug_macro   0x00006158       0x11 _build/nrf52832_xxaa/nrf_drv_clock.c.o
 .debug_macro   0x00006169       0x2a _build/nrf52832_xxaa/nrf_drv_clock.c.o
 .debug_macro   0x00006193       0x1c _build/nrf52832_xxaa/nrf_drv_clock.c.o
 .debug_macro   0x000061af      0x632 _build/nrf52832_xxaa/main.c.o
 .debug_macro   0x000067e1       0x2e _build/nrf52832_xxaa/main.c.o
 .debug_macro   0x0000680f       0x10 _build/nrf52832_xxaa/main.c.o
 .debug_macro   0x0000681f      0x13a _build/nrf52832_xxaa/main.c.o
 .debug_macro   0x00006959      0x204 _build/nrf52832_xxaa/main.c.o
 .debug_macro   0x00006b5d      0x48d _build/nrf52832_xxaa/main.c.o
 .debug_macro   0x00006fea       0x3a _build/nrf52832_xxaa/main.c.o
 .debug_macro   0x00007024       0x86 _build/nrf52832_xxaa/main.c.o
 .debug_macro   0x000070aa      0x1f9 _build/nrf52832_xxaa/main.c.o
 .debug_macro   0x000072a3       0x22 _build/nrf52832_xxaa/main.c.o
 .debug_macro   0x000072c5       0xf3 _build/nrf52832_xxaa/main.c.o
 .debug_macro   0x000073b8       0x3c _build/nrf52832_xxaa/main.c.o
 .debug_macro   0x000073f4       0xb2 _build/nrf52832_xxaa/main.c.o
 .debug_macro   0x000074a6      0x343 _build/nrf52832_xxaa/main.c.o
 .debug_macro   0x000077e9       0x6a _build/nrf52832_xxaa/main.c.o
 .debug_macro   0x00007853       0x22 _build/nrf52832_xxaa/main.c.o
 .debug_macro   0x00007875       0x22 _build/nrf52832_xxaa/main.c.o
 .debug_macro   0x00007897       0x28 _build/nrf52832_xxaa/main.c.o
 .debug_macro   0x000078bf       0x16 _build/nrf52832_xxaa/main.c.o
 .debug_macro   0x000078d5       0xf5 _build/nrf52832_xxaa/system_nrf52.c.o
 .debug_macro   0x000079ca      0x45a _build/nrf52832_xxaa/nrf_pwr_mgmt.c.o
 .debug_macro   0x00007e24       0x10 _build/nrf52832_xxaa/nrf_pwr_mgmt.c.o
 .debug_macro   0x00007e34       0x22 _build/nrf52832_xxaa/nrf_pwr_mgmt.c.o
 .debug_macro   0x00007e56       0x30 _build/nrf52832_xxaa/nrf_pwr_mgmt.c.o
 .debug_macro   0x00007e86      0x2a5 _build/nrf52832_xxaa/nrf_section_iter.c.o
 .debug_macro   0x0000812b      0x123 _build/nrf52832_xxaa/sdk_mapped_flags.c.o
 .debug_macro   0x0000824e       0x16 _build/nrf52832_xxaa/sdk_mapped_flags.c.o
 .debug_macro   0x00008264      0x30b _build/nrf52832_xxaa/ble_advdata.c.o
 .debug_macro   0x0000856f      0x487 _build/nrf52832_xxaa/ble_advdata.c.o
 .debug_macro   0x000089f6       0x34 _build/nrf52832_xxaa/ble_advdata.c.o
 .debug_macro   0x00008a2a       0x1c _build/nrf52832_xxaa/ble_advdata.c.o
 .debug_macro   0x00008a46       0x64 _build/nrf52832_xxaa/ble_advdata.c.o
 .debug_macro   0x00008aaa      0x3bc _build/nrf52832_xxaa/ble_conn_params.c.o
 .debug_macro   0x00008e66       0x1c _build/nrf52832_xxaa/ble_conn_params.c.o
 .debug_macro   0x00008e82       0x10 _build/nrf52832_xxaa/ble_conn_params.c.o
 .debug_macro   0x00008e92       0x1c _build/nrf52832_xxaa/ble_conn_params.c.o
 .debug_macro   0x00008eae      0x346 _build/nrf52832_xxaa/ble_conn_state.c.o
 .debug_macro   0x000091f4      0x2e5 _build/nrf52832_xxaa/ble_srv_common.c.o
 .debug_macro   0x000094d9      0x2cc _build/nrf52832_xxaa/nrf_ble_gatt.c.o
 .debug_macro   0x000097a5       0x10 _build/nrf52832_xxaa/nrf_ble_gatt.c.o
 .debug_macro   0x000097b5      0x358 _build/nrf52832_xxaa/ble_lbs.c.o
 .debug_macro   0x00009b0d       0x22 _build/nrf52832_xxaa/ble_lbs.c.o
 .debug_macro   0x00009b2f      0x363 _build/nrf52832_xxaa/nrf_sdh.c.o
 .debug_macro   0x00009e92      0x15b _build/nrf52832_xxaa/nrf_sdh.c.o
 .debug_macro   0x00009fed      0x38b _build/nrf52832_xxaa/nrf_sdh_ble.c.o
 .debug_macro   0x0000a378      0x33a _build/nrf52832_xxaa/nrf_sdh_soc.c.o
 .debug_macro   0x0000a6b2       0x16 _build/nrf52832_xxaa/nrf_sdh_soc.c.o

.debug_line     0x00000000    0x14ea8
 .debug_line    0x00000000      0x803 _build/nrf52832_xxaa/nrf_log_backend_serial.c.o
 .debug_line    0x00000803      0x8b1 _build/nrf52832_xxaa/nrf_log_backend_uart.c.o
 .debug_line    0x000010b4      0x77d _build/nrf52832_xxaa/nrf_log_default_backends.c.o
 .debug_line    0x00001831     0x1003 _build/nrf52832_xxaa/nrf_log_frontend.c.o
 .debug_line    0x00002834      0x837 _build/nrf52832_xxaa/nrf_log_str_formatter.c.o
 .debug_line    0x0000306b      0x76b _build/nrf52832_xxaa/boards.c.o
 .debug_line    0x000037d6      0x78c _build/nrf52832_xxaa/app_button.c.o
 .debug_line    0x00003f62      0x555 _build/nrf52832_xxaa/app_error.c.o
 .debug_line    0x000044b7      0x83b _build/nrf52832_xxaa/app_error_weak.c.o
 .debug_line    0x00004cf2      0x707 _build/nrf52832_xxaa/app_scheduler.c.o
 .debug_line    0x000053f9      0xb1f _build/nrf52832_xxaa/app_timer.c.o
 .debug_line    0x00005f18      0x656 _build/nrf52832_xxaa/app_util_platform.c.o
 .debug_line    0x0000656e      0x793 _build/nrf52832_xxaa/nrf_balloc.c.o
 .debug_line    0x00006d01      0x5d2 _build/nrf52832_xxaa/nrf_fprintf.c.o
 .debug_line    0x000072d3      0x7cf _build/nrf52832_xxaa/nrf_fprintf_format.c.o
 .debug_line    0x00007aa2      0x7ff _build/nrf52832_xxaa/nrf_memobj.c.o
 .debug_line    0x000082a1      0x56d _build/nrf52832_xxaa/nrf_strerror.c.o
 .debug_line    0x0000880e      0x695 _build/nrf52832_xxaa/nrf_drv_common.c.o
 .debug_line    0x00008ea3     0x11d0 _build/nrf52832_xxaa/nrf_drv_gpiote.c.o
 .debug_line    0x0000a073      0xc27 _build/nrf52832_xxaa/nrf_drv_spi.c.o
 .debug_line    0x0000ac9a     0x1248 _build/nrf52832_xxaa/nrf_drv_uart.c.o
 .debug_line    0x0000bee2      0xbd6 _build/nrf52832_xxaa/nrf_drv_clock.c.o
 .debug_line    0x0000cab8     0x1b84 _build/nrf52832_xxaa/main.c.o
 .debug_line    0x0000e63c       0x8e _build/nrf52832_xxaa/gcc_startup_nrf52.S.o
 .debug_line    0x0000e6ca      0x4b4 _build/nrf52832_xxaa/system_nrf52.c.o
 .debug_line    0x0000eb7e      0xa5e _build/nrf52832_xxaa/nrf_pwr_mgmt.c.o
 .debug_line    0x0000f5dc      0x5e8 _build/nrf52832_xxaa/nrf_section_iter.c.o
 .debug_line    0x0000fbc4      0x507 _build/nrf52832_xxaa/sdk_mapped_flags.c.o
 .debug_line    0x000100cb      0x9ef _build/nrf52832_xxaa/ble_advdata.c.o
 .debug_line    0x00010aba      0x976 _build/nrf52832_xxaa/ble_conn_params.c.o
 .debug_line    0x00011430      0x88b _build/nrf52832_xxaa/ble_conn_state.c.o
 .debug_line    0x00011cbb      0x785 _build/nrf52832_xxaa/ble_srv_common.c.o
 .debug_line    0x00012440      0x885 _build/nrf52832_xxaa/nrf_ble_gatt.c.o
 .debug_line    0x00012cc5      0x820 _build/nrf52832_xxaa/ble_lbs.c.o
 .debug_line    0x000134e5      0x9ca _build/nrf52832_xxaa/nrf_sdh.c.o
 .debug_line    0x00013eaf      0x8af _build/nrf52832_xxaa/nrf_sdh_ble.c.o
 .debug_line    0x0001475e      0x74a _build/nrf52832_xxaa/nrf_sdh_soc.c.o

.debug_str      0x00000000    0x83c0b
 .debug_str     0x00000000    0x6aff3 _build/nrf52832_xxaa/nrf_log_backend_serial.c.o
                              0x6be1d (size before relaxing)
 .debug_str     0x0006aff3     0x1542 _build/nrf52832_xxaa/nrf_log_backend_uart.c.o
                              0x6ce71 (size before relaxing)
 .debug_str     0x0006c535      0x131 _build/nrf52832_xxaa/nrf_log_default_backends.c.o
                              0x6bbdf (size before relaxing)
 .debug_str     0x0006c666     0x1817 _build/nrf52832_xxaa/nrf_log_frontend.c.o
                              0x6d3cc (size before relaxing)
 .debug_str     0x0006de7d      0x630 _build/nrf52832_xxaa/nrf_log_str_formatter.c.o
                              0x6c222 (size before relaxing)
 .debug_str     0x0006e4ad     0x1417 _build/nrf52832_xxaa/boards.c.o
                              0x661f0 (size before relaxing)
 .debug_str     0x0006f8c4      0xb93 _build/nrf52832_xxaa/app_button.c.o
                              0x69ff7 (size before relaxing)
 .debug_str     0x00070457      0x106 _build/nrf52832_xxaa/app_error.c.o
                              0x6443a (size before relaxing)